<html>
<body>
<pre>
<h1>礦ision Build Log</h1>
<h2>Tool Versions:</h2>
IDE-Version: μVision V5.14.0.0
Copyright (C) 2015 ARM Ltd and ARM Germany GmbH. All rights reserved.
License Information: zengwangfa zengwangfa, zengwangfa, LIC=0VR56-DM1R2-GNQA5-G77NV-AGN9A-037D3
 
Tool Versions:
Toolchain:       MDK-ARM Professional  Version: 5.14.0.0
Toolchain Path:  Z:\Software\Keil5\ARM\ARMCC\Bin
C Compiler:      Armcc.exe V5.05 update 1 (build 106)
Assembler:       Armasm.exe V5.05 update 1 (build 106)
Linker/Locator:  ArmLink.exe V5.05 update 1 (build 106)
Library Manager: ArmAr.exe V5.05 update 1 (build 106)
Hex Converter:   FromElf.exe V5.05 update 1 (build 106)
CPU DLL:         SARMCM3.DLL V5.14.0.0
Dialog DLL:      DCM.DLL V1.13.1.0
Target DLL:      Segger\JL2CM3.dll V2.99.13.0
Dialog DLL:      TCM.DLL V1.14.4.0
 
<h2>Project:</h2>
C:\Users\zengwangfa\Desktop\实验35 摄像头实验\USER\OV2640.uvprojx
Project File Date:  08/05/2015

<h2>Output:</h2>
Build target 'OV2640'
compiling main.c...
main.c(73): warning:  #177-D: variable "saturation" was declared but never referenced
        u8 effect=0,saturation=2,contrast=2;
main.c(73): warning:  #177-D: variable "contrast" was declared but never referenced
        u8 effect=0,saturation=2,contrast=2;
main.c: 2 warnings, 0 errors
linking...
Program Size: Code=19492 RO-data=2344 RW-data=568 ZI-data=42808  
FromELF: creating hex file...
"..\OBJ\OV2640.axf" - 0 Error(s), 2 Warning(s).

<h2>Collection of Component include folders:</h2>
  C:\Users\zengwangfa\Desktop\实验35 摄像头实验\USER\RTE
  Z:\Software\Keil5\ARM\PACK\Keil\STM32F4xx_DFP\1.0.8\Device\Include

<h2>Collection of Component Files used:</h2>
</pre>
</body>
</html>
