Component: ARM Compiler 5.05 update 1 (build 106) Tool: armlink [4d0efa]

==============================================================================

Section Cross References

    main.o(.text) refers to _printf_percent.o(.ARM.Collect$$_printf_percent$$00000000) for _printf_percent
    main.o(.text) refers to _printf_s.o(.ARM.Collect$$_printf_percent$$00000014) for _printf_s
    main.o(.text) refers to _printf_str.o(.text) for _printf_str
    main.o(.text) refers to stm32f4xx_dma.o(.text) for DMA_Cmd
    main.o(.text) refers to noretval__2sprintf.o(.text) for __2sprintf
    main.o(.text) refers to noretval__2printf.o(.text) for __2printf
    main.o(.text) refers to ov2640.o(.text) for OV2640_JPEG_Mode
    main.o(.text) refers to dcmi.o(.text) for My_DCMI_Init
    main.o(.text) refers to stm32f4xx_usart.o(.text) for USART_GetFlagStatus
    main.o(.text) refers to key.o(.text) for KEY_Scan
    main.o(.text) refers to delay.o(.text) for delay_ms
    main.o(.text) refers to misc.o(.text) for NVIC_PriorityGroupConfig
    main.o(.text) refers to usart.o(.text) for uart_init
    main.o(.text) refers to usart2.o(.text) for usart2_init
    main.o(.text) refers to led.o(.text) for LED_Init
    main.o(.text) refers to timer.o(.text) for TIM3_Int_Init
    main.o(.text) refers to main.o(.data) for ov2640_mode
    main.o(.text) refers to main.o(.bss) for jpeg_buf
    main.o(.text) refers to main.o(.constdata) for jpeg_img_size_tbl
    main.o(.text) refers to main.o(.conststring) for .conststring
    main.o(.text) refers to usmart_config.o(.data) for usmart_dev
    main.o(.data) refers to main.o(.conststring) for .conststring
    system_stm32f4xx.o(.text) refers to system_stm32f4xx.o(.data) for SystemCoreClock
    led.o(.text) refers to stm32f4xx_rcc.o(.text) for RCC_AHB1PeriphClockCmd
    led.o(.text) refers to stm32f4xx_gpio.o(.text) for GPIO_Init
    key.o(.text) refers to stm32f4xx_rcc.o(.text) for RCC_AHB1PeriphClockCmd
    key.o(.text) refers to stm32f4xx_gpio.o(.text) for GPIO_Init
    key.o(.text) refers to delay.o(.text) for delay_ms
    key.o(.text) refers to key.o(.data) for key_up
    dcmi.o(.text) refers to stm32f4xx_dcmi.o(.text) for DCMI_GetITStatus
    dcmi.o(.text) refers to main.o(.text) for jpeg_data_process
    dcmi.o(.text) refers to stm32f4xx_rcc.o(.text) for RCC_AHB1PeriphClockCmd
    dcmi.o(.text) refers to stm32f4xx_dma.o(.text) for DMA_DeInit
    dcmi.o(.text) refers to stm32f4xx_gpio.o(.text) for GPIO_Init
    dcmi.o(.text) refers to misc.o(.text) for NVIC_Init
    dcmi.o(.text) refers to ov2640.o(.text) for OV2640_OutSize_Set
    dcmi.o(.text) refers to dcmi.o(.data) for ov_frame
    dcmi.o(.text) refers to dcmi.o(.bss) for DCMI_InitStructure
    ov2640.o(.text) refers to _printf_percent.o(.ARM.Collect$$_printf_percent$$00000000) for _printf_percent
    ov2640.o(.text) refers to _printf_d.o(.ARM.Collect$$_printf_percent$$00000009) for _printf_d
    ov2640.o(.text) refers to _printf_dec.o(.text) for _printf_int_dec
    ov2640.o(.text) refers to stm32f4xx_rcc.o(.text) for RCC_AHB1PeriphClockCmd
    ov2640.o(.text) refers to stm32f4xx_gpio.o(.text) for GPIO_Init
    ov2640.o(.text) refers to delay.o(.text) for delay_ms
    ov2640.o(.text) refers to sccb.o(.text) for SCCB_Init
    ov2640.o(.text) refers to noretval__2printf.o(.text) for __2printf
    ov2640.o(.text) refers to ov2640.o(.constdata) for ov2640_sxga_init_reg_tbl
    sccb.o(.text) refers to stm32f4xx_rcc.o(.text) for RCC_AHB1PeriphClockCmd
    sccb.o(.text) refers to stm32f4xx_gpio.o(.text) for GPIO_Init
    sccb.o(.text) refers to delay.o(.text) for delay_us
    usart2.o(.text) refers to stm32f4xx_rcc.o(.text) for RCC_AHB1PeriphClockCmd
    usart2.o(.text) refers to stm32f4xx_gpio.o(.text) for GPIO_Init
    usart2.o(.text) refers to stm32f4xx_usart.o(.text) for USART_Init
    timer.o(.text) refers to _printf_percent.o(.ARM.Collect$$_printf_percent$$00000000) for _printf_percent
    timer.o(.text) refers to _printf_d.o(.ARM.Collect$$_printf_percent$$00000009) for _printf_d
    timer.o(.text) refers to _printf_dec.o(.text) for _printf_int_dec
    timer.o(.text) refers to stm32f4xx_rcc.o(.text) for RCC_APB1PeriphClockCmd
    timer.o(.text) refers to stm32f4xx_tim.o(.text) for TIM_TimeBaseInit
    timer.o(.text) refers to misc.o(.text) for NVIC_Init
    timer.o(.text) refers to noretval__2printf.o(.text) for __2printf
    timer.o(.text) refers to dcmi.o(.data) for ov_frame
    timer.o(.text) refers to main.o(.data) for jpeg_data_len
    delay.o(.text) refers to misc.o(.text) for SysTick_CLKSourceConfig
    delay.o(.text) refers to delay.o(.data) for fac_us
    usart.o(.rev16_text) refers (Special) to use_no_semi_2.o(.text) for __use_no_semihosting
    usart.o(.revsh_text) refers (Special) to use_no_semi_2.o(.text) for __use_no_semihosting
    usart.o(.text) refers (Special) to use_no_semi_2.o(.text) for __use_no_semihosting
    usart.o(.text) refers to stm32f4xx_rcc.o(.text) for RCC_AHB1PeriphClockCmd
[...]
    ../clib/signal.c                         0x00000000   Number         0  defsig_stak_inner.o ABSOLUTE
    ../clib/signal.c                         0x00000000   Number         0  defsig_cppl_inner.o ABSOLUTE
    ../clib/signal.c                         0x00000000   Number         0  defsig_pvfn_inner.o ABSOLUTE
    ../clib/signal.c                         0x00000000   Number         0  defsig_general.o ABSOLUTE
    ../clib/signal.c                         0x00000000   Number         0  __raise.o ABSOLUTE
    ../clib/signal.c                         0x00000000   Number         0  defsig_rtmem_inner.o ABSOLUTE
    ../clib/signal.s                         0x00000000   Number         0  defsig.o ABSOLUTE
    ../clib/stdio.c                          0x00000000   Number         0  ferror.o ABSOLUTE
    ../clib/stdio.c                          0x00000000   Number         0  ferror_locked.o ABSOLUTE
    ../clib/stdlib.c                         0x00000000   Number         0  exit.o ABSOLUTE
    ../fplib/fpinit.s                        0x00000000   Number         0  fpinit.o ABSOLUTE
    ..\CORE\startup_stm32f40_41xxx.s         0x00000000   Number         0  startup_stm32f40_41xxx.o ABSOLUTE
    ..\FWLIB\src\misc.c                      0x00000000   Number         0  misc.o ABSOLUTE
    ..\FWLIB\src\stm32f4xx_dcmi.c            0x00000000   Number         0  stm32f4xx_dcmi.o ABSOLUTE
    ..\FWLIB\src\stm32f4xx_dma.c             0x00000000   Number         0  stm32f4xx_dma.o ABSOLUTE
    ..\FWLIB\src\stm32f4xx_fsmc.c            0x00000000   Number         0  stm32f4xx_fsmc.o ABSOLUTE
    ..\FWLIB\src\stm32f4xx_gpio.c            0x00000000   Number         0  stm32f4xx_gpio.o ABSOLUTE
    ..\FWLIB\src\stm32f4xx_rcc.c             0x00000000   Number         0  stm32f4xx_rcc.o ABSOLUTE
    ..\FWLIB\src\stm32f4xx_syscfg.c          0x00000000   Number         0  stm32f4xx_syscfg.o ABSOLUTE
    ..\FWLIB\src\stm32f4xx_tim.c             0x00000000   Number         0  stm32f4xx_tim.o ABSOLUTE
    ..\FWLIB\src\stm32f4xx_usart.c           0x00000000   Number         0  stm32f4xx_usart.o ABSOLUTE
    ..\HARDWARE\DCMI\dcmi.c                  0x00000000   Number         0  dcmi.o ABSOLUTE
    ..\HARDWARE\KEY\key.c                    0x00000000   Number         0  key.o ABSOLUTE
    ..\HARDWARE\LED\led.c                    0x00000000   Number         0  led.o ABSOLUTE
    ..\HARDWARE\OV2640\ov2640.c              0x00000000   Number         0  ov2640.o ABSOLUTE
    ..\HARDWARE\OV2640\sccb.c                0x00000000   Number         0  sccb.o ABSOLUTE
    ..\HARDWARE\TIMER\timer.c                0x00000000   Number         0  timer.o ABSOLUTE
    ..\HARDWARE\USART2\usart2.c              0x00000000   Number         0  usart2.o ABSOLUTE
    ..\SYSTEM\delay\delay.c                  0x00000000   Number         0  delay.o ABSOLUTE
    ..\SYSTEM\sys\sys.c                      0x00000000   Number         0  sys.o ABSOLUTE
    ..\SYSTEM\usart\usart.c                  0x00000000   Number         0  usart.o ABSOLUTE
    ..\USMART\usmart.c                       0x00000000   Number         0  usmart.o ABSOLUTE
    ..\USMART\usmart_config.c                0x00000000   Number         0  usmart_config.o ABSOLUTE
    ..\USMART\usmart_str.c                   0x00000000   Number         0  usmart_str.o ABSOLUTE
    ..\\FWLIB\\src\\misc.c                   0x00000000   Number         0  misc.o ABSOLUTE
    ..\\FWLIB\\src\\stm32f4xx_dcmi.c         0x00000000   Number         0  stm32f4xx_dcmi.o ABSOLUTE
    ..\\FWLIB\\src\\stm32f4xx_dma.c          0x00000000   Number         0  stm32f4xx_dma.o ABSOLUTE
    ..\\FWLIB\\src\\stm32f4xx_fsmc.c         0x00000000   Number         0  stm32f4xx_fsmc.o ABSOLUTE
    ..\\FWLIB\\src\\stm32f4xx_gpio.c         0x00000000   Number         0  stm32f4xx_gpio.o ABSOLUTE
    ..\\FWLIB\\src\\stm32f4xx_rcc.c          0x00000000   Number         0  stm32f4xx_rcc.o ABSOLUTE
    ..\\FWLIB\\src\\stm32f4xx_syscfg.c       0x00000000   Number         0  stm32f4xx_syscfg.o ABSOLUTE
    ..\\FWLIB\\src\\stm32f4xx_tim.c          0x00000000   Number         0  stm32f4xx_tim.o ABSOLUTE
    ..\\FWLIB\\src\\stm32f4xx_usart.c        0x00000000   Number         0  stm32f4xx_usart.o ABSOLUTE
    ..\\HARDWARE\\DCMI\\dcmi.c               0x00000000   Number         0  dcmi.o ABSOLUTE
    ..\\HARDWARE\\KEY\\key.c                 0x00000000   Number         0  key.o ABSOLUTE
    ..\\HARDWARE\\LED\\led.c                 0x00000000   Number         0  led.o ABSOLUTE
    ..\\HARDWARE\\OV2640\\ov2640.c           0x00000000   Number         0  ov2640.o ABSOLUTE
    ..\\HARDWARE\\OV2640\\sccb.c             0x00000000   Number         0  sccb.o ABSOLUTE
    ..\\HARDWARE\\TIMER\\timer.c             0x00000000   Number         0  timer.o ABSOLUTE
    ..\\HARDWARE\\USART2\\usart2.c           0x00000000   Number         0  usart2.o ABSOLUTE
    ..\\SYSTEM\\delay\\delay.c               0x00000000   Number         0  delay.o ABSOLUTE
    ..\\SYSTEM\\sys\\sys.c                   0x00000000   Number         0  sys.o ABSOLUTE
    ..\\SYSTEM\\usart\\usart.c               0x00000000   Number         0  usart.o ABSOLUTE
    ..\\USMART\\usmart.c                     0x00000000   Number         0  usmart.o ABSOLUTE
    ..\\USMART\\usmart_config.c              0x00000000   Number         0  usmart_config.o ABSOLUTE
    ..\\USMART\\usmart_str.c                 0x00000000   Number         0  usmart_str.o ABSOLUTE
    dc.s                                     0x00000000   Number         0  dc.o ABSOLUTE
    main.c                                   0x00000000   Number         0  main.o ABSOLUTE
    main.c                                   0x00000000   Number         0  main.o ABSOLUTE
    stm32f4xx_it.c                           0x00000000   Number         0  stm32f4xx_it.o ABSOLUTE
    stm32f4xx_it.c                           0x00000000   Number         0  stm32f4xx_it.o ABSOLUTE
    system_stm32f4xx.c                       0x00000000   Number         0  system_stm32f4xx.o ABSOLUTE
    system_stm32f4xx.c                       0x00000000   Number         0  system_stm32f4xx.o ABSOLUTE
    RESET                                    0x08000000   Section      392  startup_stm32f40_41xxx.o(RESET)
    !!!main                                  0x08000188   Section        8  __main.o(!!!main)
    !!!scatter                               0x08000190   Section       52  __scatter.o(!!!scatter)
    !!dczerorl2                              0x080001c4   Section       90  __dczerorl2.o(!!dczerorl2)
    !!handler_zi                             0x08000220   Section       28  __scatter_zi.o(!!handler_zi)
    .ARM.Collect$$_printf_percent$$00000000  0x0800023c   Section        0  _printf_percent.o(.ARM.Collect$$_printf_percent$$00000000)
    .ARM.Collect$$_printf_percent$$00000009  0x0800023c   Section        6  _printf_d.o(.ARM.Collect$$_printf_percent$$00000009)
    .ARM.Collect$$_printf_percent$$0000000A  0x08000242   Section        6  _printf_u.o(.ARM.Collect$$_printf_percent$$0000000A)
    .ARM.Collect$$_printf_percent$$0000000C  0x08000248   Section        6  _printf_x.o(.ARM.Collect$$_printf_percent$$0000000C)
    .ARM.Collect$$_printf_percent$$00000013  0x0800024e   Section        6  _printf_c.o(.ARM.Collect$$_printf_percent$$00000013)
    .ARM.Collect$$_printf_percent$$00000014  0x08000254   Section        6  _printf_s.o(.ARM.Collect$$_printf_percent$$00000014)
    .ARM.Collect$$_printf_percent$$00000017  0x0800025a   Section        4  _printf_percent_end.o(.ARM.Collect$$_printf_percent$$00000017)
    .ARM.Collect$$libinit$$00000000          0x0800025e   Section        2  libinit.o(.ARM.Collect$$libinit$$00000000)
    .ARM.Collect$$libinit$$00000001          0x08000260   Section        4  libinit2.o(.ARM.Collect$$libinit$$00000001)
    .ARM.Collect$$libinit$$00000004          0x08000264   Section        0  libinit2.o(.ARM.Collect$$libinit$$00000004)
    .ARM.Collect$$libinit$$0000000A          0x08000264   Section        0  libinit2.o(.ARM.Collect$$libinit$$0000000A)
    .ARM.Collect$$libinit$$0000000C          0x08000264   Section        0  libinit2.o(.ARM.Collect$$libinit$$0000000C)
    .ARM.Collect$$libinit$$0000000E          0x08000264   Section        0  libinit2.o(.ARM.Collect$$libinit$$0000000E)
    .ARM.Collect$$libinit$$00000011          0x08000264   Section        0  libinit2.o(.ARM.Collect$$libinit$$00000011)
    .ARM.Collect$$libinit$$00000013          0x08000264   Section        0  libinit2.o(.ARM.Collect$$libinit$$00000013)
    .ARM.Collect$$libinit$$00000015          0x08000264   Section        0  libinit2.o(.ARM.Collect$$libinit$$00000015)
    .ARM.Collect$$libinit$$00000017          0x08000264   Section        0  libinit2.o(.ARM.Collect$$libinit$$00000017)
    .ARM.Collect$$libinit$$00000019          0x08000264   Section        0  libinit2.o(.ARM.Collect$$libinit$$00000019)
    .ARM.Collect$$libinit$$0000001B          0x08000264   Section        0  libinit2.o(.ARM.Collect$$libinit$$0000001B)
    .ARM.Collect$$libinit$$0000001D          0x08000264   Section        0  libinit2.o(.ARM.Collect$$libinit$$0000001D)
    .ARM.Collect$$libinit$$0000001F          0x08000264   Section        0  libinit2.o(.ARM.Collect$$libinit$$0000001F)
    .ARM.Collect$$libinit$$00000021          0x08000264   Section        0  libinit2.o(.ARM.Collect$$libinit$$00000021)
    .ARM.Collect$$libinit$$00000023          0x08000264   Section        0  libinit2.o(.ARM.Collect$$libinit$$00000023)
    .ARM.Collect$$libinit$$00000025          0x08000264   Section        0  libinit2.o(.ARM.Collect$$libinit$$00000025)
    .ARM.Collect$$libinit$$0000002C          0x08000264   Section        0  libinit2.o(.ARM.Collect$$libinit$$0000002C)
    .ARM.Collect$$libinit$$0000002E          0x08000264   Section        0  libinit2.o(.ARM.Collect$$libinit$$0000002E)
    .ARM.Collect$$libinit$$00000030          0x08000264   Section        0  libinit2.o(.ARM.Collect$$libinit$$00000030)
    .ARM.Collect$$libinit$$00000032          0x08000264   Section        0  libinit2.o(.ARM.Collect$$libinit$$00000032)
    .ARM.Collect$$libinit$$00000033          0x08000264   Section        2  libinit2.o(.ARM.Collect$$libinit$$00000033)
    .ARM.Collect$$libshutdown$$00000000      0x08000266   Section        2  libshutdown.o(.ARM.Collect$$libshutdown$$00000000)
    .ARM.Collect$$libshutdown$$00000003      0x08000268   Section        0  libshutdown2.o(.ARM.Collect$$libshutdown$$00000003)
    .ARM.Collect$$libshutdown$$00000006      0x08000268   Section        0  libshutdown2.o(.ARM.Collect$$libshutdown$$00000006)
    .ARM.Collect$$libshutdown$$00000009      0x08000268   Section        0  libshutdown2.o(.ARM.Collect$$libshutdown$$00000009)
    .ARM.Collect$$libshutdown$$0000000B      0x08000268   Section        0  libshutdown2.o(.ARM.Collect$$libshutdown$$0000000B)
    .ARM.Collect$$libshutdown$$0000000E      0x08000268   Section        0  libshutdown2.o(.ARM.Collect$$libshutdown$$0000000E)
    .ARM.Collect$$libshutdown$$0000000F      0x08000268   Section        2  libshutdown2.o(.ARM.Collect$$libshutdown$$0000000F)
    .ARM.Collect$$rtentry$$00000000          0x0800026a   Section        0  __rtentry.o(.ARM.Collect$$rtentry$$00000000)
    .ARM.Collect$$rtentry$$00000002          0x0800026a   Section        0  __rtentry2.o(.ARM.Collect$$rtentry$$00000002)
    .ARM.Collect$$rtentry$$00000004          0x0800026a   Section        6  __rtentry4.o(.ARM.Collect$$rtentry$$00000004)
    .ARM.Collect$$rtentry$$00000009          0x08000270   Section        0  __rtentry2.o(.ARM.Collect$$rtentry$$00000009)
    .ARM.Collect$$rtentry$$0000000A          0x08000270   Section        4  __rtentry2.o(.ARM.Collect$$rtentry$$0000000A)
    .ARM.Collect$$rtentry$$0000000C          0x08000274   Section        0  __rtentry2.o(.ARM.Collect$$rtentry$$0000000C)
    .ARM.Collect$$rtentry$$0000000D          0x08000274   Section        8  __rtentry2.o(.ARM.Collect$$rtentry$$0000000D)
    .ARM.Collect$$rtexit$$00000000           0x0800027c   Section        2  rtexit.o(.ARM.Collect$$rtexit$$00000000)
    .ARM.Collect$$rtexit$$00000002           0x0800027e   Section        0  rtexit2.o(.ARM.Collect$$rtexit$$00000002)
    .ARM.Collect$$rtexit$$00000003           0x0800027e   Section        4  rtexit2.o(.ARM.Collect$$rtexit$$00000003)
    .ARM.Collect$$rtexit$$00000004           0x08000282   Section        6  rtexit2.o(.ARM.Collect$$rtexit$$00000004)
    .text                                    0x08000288   Section        0  main.o(.text)
    .text                                    0x080004a0   Section        0  stm32f4xx_it.o(.text)
    .text                                    0x080004bc   Section        0  system_stm32f4xx.o(.text)
    SetSysClock                              0x080004bd   Thumb Code   220  system_stm32f4xx.o(.text)
    .text                                    0x080006cc   Section        0  led.o(.text)
    .text                                    0x08000740   Section        0  key.o(.text)
    .text                                    0x080007c4   Section        0  dcmi.o(.text)
    .text                                    0x08000a1c   Section        0  ov2640.o(.text)
    .text                                    0x08000ffc   Section        0  sccb.o(.text)
    .text                                    0x08001270   Section        0  usart2.o(.text)
    .text                                    0x08001408   Section        0  timer.o(.text)
    .text                                    0x080014c0   Section        0  delay.o(.text)
    .text                                    0x080015c4   Section        0  usart.o(.text)
    .text                                    0x08001710   Section       64  startup_stm32f40_41xxx.o(.text)
    $v0                                      0x08001710   Number         0  startup_stm32f40_41xxx.o(.text)
    .text                                    0x08001750   Section        0  misc.o(.text)
    .text                                    0x08001830   Section        0  stm32f4xx_dcmi.o(.text)
    .text                                    0x080019bc   Section        0  stm32f4xx_gpio.o(.text)
    .text                                    0x08001c50   Section        0  stm32f4xx_dma.o(.text)
    .text                                    0x08001ff8   Section        0  stm32f4xx_rcc.o(.text)
    .text                                    0x08002654   Section        0  stm32f4xx_usart.o(.text)
    .text                                    0x08002aa8   Section        0  stm32f4xx_tim.o(.text)
    TI4_Config                               0x08003247   Thumb Code    80  stm32f4xx_tim.o(.text)
    TI3_Config                               0x080032a9   Thumb Code    72  stm32f4xx_tim.o(.text)
    TI2_Config                               0x0800330b   Thumb Code    90  stm32f4xx_tim.o(.text)
    TI1_Config                               0x08003377   Thumb Code    58  stm32f4xx_tim.o(.text)
    .text                                    0x0800374c   Section        0  usmart.o(.text)
    .text                                    0x08004380   Section        0  usmart_str.o(.text)
    .text                                    0x080048a8   Section        2  use_no_semi_2.o(.text)
    .text                                    0x080048ac   Section        0  noretval__2printf.o(.text)
    .text                                    0x080048c4   Section        0  noretval__2sprintf.o(.text)
    .text                                    0x080048ec   Section        0  _printf_pad.o(.text)
    .text                                    0x0800493a   Section        0  _printf_str.o(.text)
    .text                                    0x0800498c   Section        0  _printf_dec.o(.text)
    .text                                    0x08004a04   Section        0  _printf_hex_int.o(.text)
    .text                                    0x08004a5c   Section        0  __printf_flags_ss_wp.o(.text)
    .text                                    0x08004be4   Section        0  heapauxi.o(.text)
    .text                                    0x08004bea   Section        2  use_no_semi.o(.text)
    .text                                    0x08004bec   Section        0  _printf_intcommon.o(.text)
    .text                                    0x08004ca0   Section        0  _printf_char_common.o(.text)
    _printf_input_char                       0x08004ca1   Thumb Code    10  _printf_char_common.o(.text)
    .text                                    0x08004cd0   Section        0  _sputc.o(.text)
    .text                                    0x08004cda   Section        0  _printf_char.o(.text)
    .text                                    0x08004d08   Section        0  _printf_char_file.o(.text)
    .text                                    0x08004d2c   Section        0  ferror.o(.text)
    .text                                    0x08004d34   Section       74  sys_stackheap_outer.o(.text)
    .text                                    0x08004d7e   Section        0  exit.o(.text)
    .text                                    0x08004d8c   Section        8  libspace.o(.text)
    i._is_digit                              0x08004d94   Section        0  __printf_wp.o(i._is_digit)
    x$fpl$fpinit                             0x08004da2   Section       10  fpinit.o(x$fpl$fpinit)
    $v0                                      0x08004da2   Number         0  fpinit.o(x$fpl$fpinit)
    .constdata                               0x08004dac   Section       36  main.o(.constdata)
    .constdata                               0x08004dd0   Section      808  ov2640.o(.constdata)
    OV2640_AUTOEXPOSURE_LEVEL                0x080050d0   Data          40  ov2640.o(.constdata)
    .constdata                               0x080050f8   Section       40  _printf_hex_int.o(.constdata)
    uc_hextab                                0x080050f8   Data          20  _printf_hex_int.o(.constdata)
    lc_hextab                                0x0800510c   Data          20  _printf_hex_int.o(.constdata)
    .constdata                               0x08005120   Section       17  __printf_flags_ss_wp.o(.constdata)
    maptable                                 0x08005120   Data          17  __printf_flags_ss_wp.o(.constdata)
    .conststring                             0x08005134   Section      187  main.o(.conststring)
    .conststring                             0x080051f0   Section       40  usmart.o(.conststring)
    .conststring                             0x08005218   Section      785  usmart_config.o(.conststring)
    .data                                    0x20000000   Section       76  main.o(.data)
    .data                                    0x2000004c   Section       20  system_stm32f4xx.o(.data)
    .data                                    0x20000060   Section        1  key.o(.data)
    key_up                                   0x20000060   Data           1  key.o(.data)
    .data                                    0x20000061   Section        1  dcmi.o(.data)
    .data                                    0x20000062   Section        4  delay.o(.data)
    fac_us                                   0x20000062   Data           1  delay.o(.data)
    fac_ms                                   0x20000064   Data           2  delay.o(.data)
    .data                                    0x20000068   Section        6  usart.o(.data)
    .data                                    0x2000006e   Section       16  stm32f4xx_rcc.o(.data)
    APBAHBPrescTable                         0x2000006e   Data          16  stm32f4xx_rcc.o(.data)
    .data                                    0x20000080   Section       28  usmart.o(.data)
    .data                                    0x2000009c   Section      412  usmart_config.o(.data)
    .bss                                     0x20000238   Section    40960  main.o(.bss)
    .bss                                     0x2000a238   Section       14  dcmi.o(.bss)
    .bss                                     0x2000a246   Section      200  usart.o(.bss)
    .bss                                     0x2000a310   Section       96  libspace.o(.bss)
    HEAP                                     0x2000a370   Section      512  startup_stm32f40_41xxx.o(HEAP)
    Heap_Mem                                 0x2000a370   Data         512  startup_stm32f40_41xxx.o(HEAP)
    STACK                                    0x2000a570   Section     1024  startup_stm32f40_41xxx.o(STACK)
    Stack_Mem                                0x2000a570   Data        1024  startup_stm32f40_41xxx.o(STACK)
    __initial_sp                             0x2000a970   Data           0  startup_stm32f40_41xxx.o(STACK)

    Global Symbols

    Symbol Name                              Value     Ov Type        Size  Object(Section)

    BuildAttributes$$THM_ISAv4$E$P$D$K$B$S$7EM$VFPi3$EXTD16$VFPS$VFMA$PE$A:L22UL41UL21$X:L11$S22US41US21$IEEE1$IW$USESV6$~STKCKD$USESV7$~SHL$OSPACE$ROPI$EBA8$UX$STANDARDLIB$REQ8$PRES8$EABIv2 0x00000000   Number         0  anon$$obj.o ABSOLUTE
    __ARM_use_no_argv                        0x00000000   Number         0  main.o ABSOLUTE
    _printf_flags                            0x00000000   Number         0  printf_stubs.o ABSOLUTE
    _printf_return_value                     0x00000000   Number         0  printf_stubs.o ABSOLUTE
    _printf_sizespec                         0x00000000   Number         0  printf_stubs.o ABSOLUTE
    _printf_widthprec                        0x00000000   Number         0  printf_stubs.o ABSOLUTE
    __ARM_exceptions_init                     - Undefined Weak Reference
    __alloca_initialize                       - Undefined Weak Reference
    __arm_preinit_                            - Undefined Weak Reference
    __cpp_initialize__aeabi_                  - Undefined Weak Reference
    __cxa_finalize                            - Undefined Weak Reference
    __rt_locale                               - Undefined Weak Reference
    __sigvec_lookup                           - Undefined Weak Reference
    _atexit_init                              - Undefined Weak Reference
    _call_atexit_fns                          - Undefined Weak Reference
    _clock_init                               - Undefined Weak Reference
    _fp_trap_init                             - Undefined Weak Reference
    _fp_trap_shutdown                         - Undefined Weak Reference
    _get_lc_collate                           - Undefined Weak Reference
    _get_lc_ctype                             - Undefined Weak Reference
    _get_lc_monetary                          - Undefined Weak Reference
    _get_lc_numeric                           - Undefined Weak Reference
    _get_lc_time                              - Undefined Weak Reference
    _getenv_init                              - Undefined Weak Reference
    _handle_redirection                       - Undefined Weak Reference
    _init_alloc                               - Undefined Weak Reference
    _init_user_alloc                          - Undefined Weak Reference
    _initio                                   - Undefined Weak Reference
    _mutex_acquire                            - Undefined Weak Reference
    _mutex_release                            - Undefined Weak Reference
    _printf_mbtowc                            - Undefined Weak Reference
    _printf_truncate_signed                   - Undefined Weak Reference
    _printf_truncate_unsigned                 - Undefined Weak Reference
    _rand_init                                - Undefined Weak Reference
    _signal_finish                            - Undefined Weak Reference
    _signal_init                              - Undefined Weak Reference
    _terminate_alloc                          - Undefined Weak Reference
    _terminate_user_alloc                     - Undefined Weak Reference
    _terminateio                              - Undefined Weak Reference
    __Vectors_Size                           0x00000188   Number         0  startup_stm32f40_41xxx.o ABSOLUTE
    __Vectors                                0x08000000   Data           4  startup_stm32f40_41xxx.o(RESET)
    __Vectors_End                            0x08000188   Data           0  startup_stm32f40_41xxx.o(RESET)
    __main                                   0x08000189   Thumb Code     8  __main.o(!!!main)
    __scatterload                            0x08000191   Thumb Code     0  __scatter.o(!!!scatter)
    __scatterload_rt2                        0x08000191   Thumb Code    44  __scatter.o(!!!scatter)
    __scatterload_rt2_thumb_only             0x08000191   Thumb Code     0  __scatter.o(!!!scatter)
    __scatterload_null                       0x0800019f   Thumb Code     0  __scatter.o(!!!scatter)
    __decompress                             0x080001c5   Thumb Code    90  __dczerorl2.o(!!dczerorl2)
    __decompress1                            0x080001c5   Thumb Code     0  __dczerorl2.o(!!dczerorl2)
    __scatterload_zeroinit                   0x08000221   Thumb Code    28  __scatter_zi.o(!!handler_zi)
    _printf_d                                0x0800023d   Thumb Code     0  _printf_d.o(.ARM.Collect$$_printf_percent$$00000009)
    _printf_percent                          0x0800023d   Thumb Code     0  _printf_percent.o(.ARM.Collect$$_printf_percent$$00000000)
    _printf_u                                0x08000243   Thumb Code     0  _printf_u.o(.ARM.Collect$$_printf_percent$$0000000A)
    _printf_x                                0x08000249   Thumb Code     0  _printf_x.o(.ARM.Collect$$_printf_percent$$0000000C)
    _printf_c                                0x0800024f   Thumb Code     0  _printf_c.o(.ARM.Collect$$_printf_percent$$00000013)
    _printf_s                                0x08000255   Thumb Code     0  _printf_s.o(.ARM.Collect$$_printf_percent$$00000014)
    _printf_percent_end                      0x0800025b   Thumb Code     0  _printf_percent_end.o(.ARM.Collect$$_printf_percent$$00000017)
    __rt_lib_init                            0x0800025f   Thumb Code     0  libinit.o(.ARM.Collect$$libinit$$00000000)
    __rt_lib_init_fp_1                       0x08000261   Thumb Code     0  libinit2.o(.ARM.Collect$$libinit$$00000001)
    __rt_lib_init_alloca_1                   0x08000265   Thumb Code     0  libinit2.o(.ARM.Collect$$libinit$$0000002E)
    __rt_lib_init_argv_1                     0x08000265   Thumb Code     0  libinit2.o(.ARM.Collect$$libinit$$0000002C)
    __rt_lib_init_atexit_1                   0x08000265   Thumb Code     0  libinit2.o(.ARM.Collect$$libinit$$0000001B)
    __rt_lib_init_clock_1                    0x08000265   Thumb Code     0  libinit2.o(.ARM.Collect$$libinit$$00000021)
    __rt_lib_init_cpp_1                      0x08000265   Thumb Code     0  libinit2.o(.ARM.Collect$$libinit$$00000032)
    __rt_lib_init_exceptions_1               0x08000265   Thumb Code     0  libinit2.o(.ARM.Collect$$libinit$$00000030)
    __rt_lib_init_fp_trap_1                  0x08000265   Thumb Code     0  libinit2.o(.ARM.Collect$$libinit$$0000001F)
    __rt_lib_init_getenv_1                   0x08000265   Thumb Code     0  libinit2.o(.ARM.Collect$$libinit$$00000023)
    __rt_lib_init_heap_1                     0x08000265   Thumb Code     0  libinit2.o(.ARM.Collect$$libinit$$0000000A)
    __rt_lib_init_lc_collate_1               0x08000265   Thumb Code     0  libinit2.o(.ARM.Collect$$libinit$$00000011)
    __rt_lib_init_lc_ctype_1                 0x08000265   Thumb Code     0  libinit2.o(.ARM.Collect$$libinit$$00000013)
    __rt_lib_init_lc_monetary_1              0x08000265   Thumb Code     0  libinit2.o(.ARM.Collect$$libinit$$00000015)
    __rt_lib_init_lc_numeric_1               0x08000265   Thumb Code     0  libinit2.o(.ARM.Collect$$libinit$$00000017)
    __rt_lib_init_lc_time_1                  0x08000265   Thumb Code     0  libinit2.o(.ARM.Collect$$libinit$$00000019)
    __rt_lib_init_preinit_1                  0x08000265   Thumb Code     0  libinit2.o(.ARM.Collect$$libinit$$00000004)
    __rt_lib_init_rand_1                     0x08000265   Thumb Code     0  libinit2.o(.ARM.Collect$$libinit$$0000000E)
    __rt_lib_init_return                     0x08000265   Thumb Code     0  libinit2.o(.ARM.Collect$$libinit$$00000033)
    __rt_lib_init_signal_1                   0x08000265   Thumb Code     0  libinit2.o(.ARM.Collect$$libinit$$0000001D)
    __rt_lib_init_stdio_1                    0x08000265   Thumb Code     0  libinit2.o(.ARM.Collect$$libinit$$00000025)
    __rt_lib_init_user_alloc_1               0x08000265   Thumb Code     0  libinit2.o(.ARM.Collect$$libinit$$0000000C)
    __rt_lib_shutdown                        0x08000267   Thumb Code     0  libshutdown.o(.ARM.Collect$$libshutdown$$00000000)
    __rt_lib_shutdown_fp_trap_1              0x08000269   Thumb Code     0  libshutdown2.o(.ARM.Collect$$libshutdown$$00000006)
    __rt_lib_shutdown_heap_1                 0x08000269   Thumb Code     0  libshutdown2.o(.ARM.Collect$$libshutdown$$0000000E)
    __rt_lib_shutdown_return                 0x08000269   Thumb Code     0  libshutdown2.o(.ARM.Collect$$libshutdown$$0000000F)
    __rt_lib_shutdown_signal_1               0x08000269   Thumb Code     0  libshutdown2.o(.ARM.Collect$$libshutdown$$00000009)
    __rt_lib_shutdown_stdio_1                0x08000269   Thumb Code     0  libshutdown2.o(.ARM.Collect$$libshutdown$$00000003)
    __rt_lib_shutdown_user_alloc_1           0x08000269   Thumb Code     0  libshutdown2.o(.ARM.Collect$$libshutdown$$0000000B)
    __rt_entry                               0x0800026b   Thumb Code     0  __rtentry.o(.ARM.Collect$$rtentry$$00000000)
    __rt_entry_presh_1                       0x0800026b   Thumb Code     0  __rtentry2.o(.ARM.Collect$$rtentry$$00000002)
    __rt_entry_sh                            0x0800026b   Thumb Code     0  __rtentry4.o(.ARM.Collect$$rtentry$$00000004)
    __rt_entry_li                            0x08000271   Thumb Code     0  __rtentry2.o(.ARM.Collect$$rtentry$$0000000A)
    __rt_entry_postsh_1                      0x08000271   Thumb Code     0  __rtentry2.o(.ARM.Collect$$rtentry$$00000009)
    __rt_entry_main                          0x08000275   Thumb Code     0  __rtentry2.o(.ARM.Collect$$rtentry$$0000000D)
    __rt_entry_postli_1                      0x08000275   Thumb Code     0  __rtentry2.o(.ARM.Collect$$rtentry$$0000000C)
    __rt_exit                                0x0800027d   Thumb Code     0  rtexit.o(.ARM.Collect$$rtexit$$00000000)
    __rt_exit_ls                             0x0800027f   Thumb Code     0  rtexit2.o(.ARM.Collect$$rtexit$$00000003)
    __rt_exit_prels_1                        0x0800027f   Thumb Code     0  rtexit2.o(.ARM.Collect$$rtexit$$00000002)
    __rt_exit_exit                           0x08000283   Thumb Code     0  rtexit2.o(.ARM.Collect$$rtexit$$00000004)
    jpeg_data_process                        0x08000289   Thumb Code    96  main.o(.text)
    jpeg_test                                0x080002e9   Thumb Code   198  main.o(.text)
    main                                     0x080003af   Thumb Code   118  main.o(.text)
    NMI_Handler                              0x080004a1   Thumb Code     2  stm32f4xx_it.o(.text)
    HardFault_Handler                        0x080004a3   Thumb Code     4  stm32f4xx_it.o(.text)
    MemManage_Handler                        0x080004a7   Thumb Code     4  stm32f4xx_it.o(.text)
    BusFault_Handler                         0x080004ab   Thumb Code     4  stm32f4xx_it.o(.text)
    UsageFault_Handler                       0x080004af   Thumb Code     4  stm32f4xx_it.o(.text)
    SVC_Handler                              0x080004b3   Thumb Code     2  stm32f4xx_it.o(.text)
    DebugMon_Handler                         0x080004b5   Thumb Code     2  stm32f4xx_it.o(.text)
    PendSV_Handler                           0x080004b7   Thumb Code     2  stm32f4xx_it.o(.text)
    SysTick_Handler                          0x080004b9   Thumb Code     2  stm32f4xx_it.o(.text)
    SystemInit                               0x08000599   Thumb Code    88  system_stm32f4xx.o(.text)
    SystemCoreClockUpdate                    0x080005f1   Thumb Code   174  system_stm32f4xx.o(.text)
    LED_Init                                 0x080006cd   Thumb Code   108  led.o(.text)
    KEY_Init                                 0x08000741   Thumb Code    44  key.o(.text)
    KEY_Scan                                 0x0800076d   Thumb Code    80  key.o(.text)
    DCMI_IRQHandler                          0x080007c5   Thumb Code    34  dcmi.o(.text)
    DCMI_DMA_Init                            0x080007e7   Thumb Code   102  dcmi.o(.text)
    My_DCMI_Init                             0x0800084d   Thumb Code   280  dcmi.o(.text)
    DCMI_Start                               0x08000965   Thumb Code    18  dcmi.o(.text)
    DCMI_Stop                                0x08000977   Thumb Code    34  dcmi.o(.text)
    DCMI_Set_Window                          0x08000999   Thumb Code    42  dcmi.o(.text)
    DCMI_CR_Set                              0x080009c3   Thumb Code    58  dcmi.o(.text)
    OV2640_Init                              0x08000a1d   Thumb Code   230  ov2640.o(.text)
    OV2640_JPEG_Mode                         0x08000b03   Thumb Code    66  ov2640.o(.text)
    OV2640_RGB565_Mode                       0x08000b45   Thumb Code    36  ov2640.o(.text)
    OV2640_Auto_Exposure                     0x08000b69   Thumb Code    40  ov2640.o(.text)
    OV2640_Light_Mode                        0x08000b91   Thumb Code   118  ov2640.o(.text)
    OV2640_Color_Saturation                  0x08000c07   Thumb Code    64  ov2640.o(.text)
    OV2640_Brightness                        0x08000c47   Thumb Code    56  ov2640.o(.text)
    OV2640_Contrast                          0x08000c7f   Thumb Code   116  ov2640.o(.text)
    OV2640_Special_Effects                   0x08000cf3   Thumb Code   122  ov2640.o(.text)
    OV2640_Color_Bar                         0x08000d6d   Thumb Code    40  ov2640.o(.text)
    OV2640_Window_Set                        0x08000d95   Thumb Code   212  ov2640.o(.text)
    OV2640_OutSize_Set                       0x08000e69   Thumb Code   136  ov2640.o(.text)
    OV2640_ImageWin_Set                      0x08000ef1   Thumb Code   188  ov2640.o(.text)
    OV2640_ImageSize_Set                     0x08000fad   Thumb Code    80  ov2640.o(.text)
    SCCB_Init                                0x08000ffd   Thumb Code    78  sccb.o(.text)
    SCCB_Start                               0x0800104b   Thumb Code    42  sccb.o(.text)
    SCCB_Stop                                0x08001075   Thumb Code    42  sccb.o(.text)
    SCCB_No_Ack                              0x0800109f   Thumb Code    56  sccb.o(.text)
    SCCB_WR_Byte                             0x080010d7   Thumb Code   154  sccb.o(.text)
    SCCB_RD_Byte                             0x08001171   Thumb Code   104  sccb.o(.text)
    SCCB_WR_Reg                              0x080011d9   Thumb Code    62  sccb.o(.text)
    SCCB_RD_Reg                              0x08001217   Thumb Code    78  sccb.o(.text)
    usart2_init                              0x08001271   Thumb Code   124  usart2.o(.text)
    usart3_init                              0x080012ed   Thumb Code   132  usart2.o(.text)
    uart4_init                               0x08001371   Thumb Code   130  usart2.o(.text)
    TIM3_Int_Init                            0x08001409   Thumb Code    88  timer.o(.text)
    TIM3_IRQHandler                          0x08001461   Thumb Code    50  timer.o(.text)
    delay_init                               0x080014c1   Thumb Code    52  delay.o(.text)
    delay_us                                 0x080014f5   Thumb Code    72  delay.o(.text)
    delay_xms                                0x0800153d   Thumb Code    72  delay.o(.text)
    delay_ms                                 0x08001585   Thumb Code    56  delay.o(.text)
    _sys_exit                                0x080015c5   Thumb Code     6  usart.o(.text)
    fputc                                    0x080015cb   Thumb Code    22  usart.o(.text)
    uart_init                                0x080015e1   Thumb Code   164  usart.o(.text)
    USART1_IRQHandler                        0x08001685   Thumb Code   122  usart.o(.text)
    Reset_Handler                            0x08001711   Thumb Code     8  startup_stm32f40_41xxx.o(.text)
    ADC_IRQHandler                           0x0800172b   Thumb Code     0  startup_stm32f40_41xxx.o(.text)
    CAN1_RX0_IRQHandler                      0x0800172b   Thumb Code     0  startup_stm32f40_41xxx.o(.text)
    CAN1_RX1_IRQHandler                      0x0800172b   Thumb Code     0  startup_stm32f40_41xxx.o(.text)
    CAN1_SCE_IRQHandler                      0x0800172b   Thumb Code     0  startup_stm32f40_41xxx.o(.text)
    CAN1_TX_IRQHandler                       0x0800172b   Thumb Code     0  startup_stm32f40_41xxx.o(.text)
    CAN2_RX0_IRQHandler                      0x0800172b   Thumb Code     0  startup_stm32f40_41xxx.o(.text)
    CAN2_RX1_IRQHandler                      0x0800172b   Thumb Code     0  startup_stm32f40_41xxx.o(.text)
    CAN2_SCE_IRQHandler                      0x0800172b   Thumb Code     0  startup_stm32f40_41xxx.o(.text)
    CAN2_TX_IRQHandler                       0x0800172b   Thumb Code     0  startup_stm32f40_41xxx.o(.text)
    CRYP_IRQHandler                          0x0800172b   Thumb Code     0  startup_stm32f40_41xxx.o(.text)
    DMA1_Stream0_IRQHandler                  0x0800172b   Thumb Code     0  startup_stm32f40_41xxx.o(.text)
    DMA1_Stream1_IRQHandler                  0x0800172b   Thumb Code     0  startup_stm32f40_41xxx.o(.text)
    DMA1_Stream2_IRQHandler                  0x0800172b   Thumb Code     0  startup_stm32f40_41xxx.o(.text)
    DMA1_Stream3_IRQHandler                  0x0800172b   Thumb Code     0  startup_stm32f40_41xxx.o(.text)
    DMA1_Stream4_IRQHandler                  0x0800172b   Thumb Code     0  startup_stm32f40_41xxx.o(.text)
    DMA1_Stream5_IRQHandler                  0x0800172b   Thumb Code     0  startup_stm32f40_41xxx.o(.text)
    DMA1_Stream6_IRQHandler                  0x0800172b   Thumb Code     0  startup_stm32f40_41xxx.o(.text)
    DMA1_Stream7_IRQHandler                  0x0800172b   Thumb Code     0  startup_stm32f40_41xxx.o(.text)
    DMA2_Stream0_IRQHandler                  0x0800172b   Thumb Code     0  startup_stm32f40_41xxx.o(.text)
    DMA2_Stream1_IRQHandler                  0x0800172b   Thumb Code     0  startup_stm32f40_41xxx.o(.text)
    DMA2_Stream2_IRQHandler                  0x0800172b   Thumb Code     0  startup_stm32f40_41xxx.o(.text)
    DMA2_Stream3_IRQHandler                  0x0800172b   Thumb Code     0  startup_stm32f40_41xxx.o(.text)
    DMA2_Stream4_IRQHandler                  0x0800172b   Thumb Code     0  startup_stm32f40_41xxx.o(.text)
    DMA2_Stream5_IRQHandler                  0x0800172b   Thumb Code     0  startup_stm32f40_41xxx.o(.text)
    DMA2_Stream6_IRQHandler                  0x0800172b   Thumb Code     0  startup_stm32f40_41xxx.o(.text)
    DMA2_Stream7_IRQHandler                  0x0800172b   Thumb Code     0  startup_stm32f40_41xxx.o(.text)
    ETH_IRQHandler                           0x0800172b   Thumb Code     0  startup_stm32f40_41xxx.o(.text)
    ETH_WKUP_IRQHandler                      0x0800172b   Thumb Code     0  startup_stm32f40_41xxx.o(.text)
    EXTI0_IRQHandler                         0x0800172b   Thumb Code     0  startup_stm32f40_41xxx.o(.text)
    EXTI15_10_IRQHandler                     0x0800172b   Thumb Code     0  startup_stm32f40_41xxx.o(.text)
    EXTI1_IRQHandler                         0x0800172b   Thumb Code     0  startup_stm32f40_41xxx.o(.text)
    EXTI2_IRQHandler                         0x0800172b   Thumb Code     0  startup_stm32f40_41xxx.o(.text)
    EXTI3_IRQHandler                         0x0800172b   Thumb Code     0  startup_stm32f40_41xxx.o(.text)
    EXTI4_IRQHandler                         0x0800172b   Thumb Code     0  startup_stm32f40_41xxx.o(.text)
    EXTI9_5_IRQHandler                       0x0800172b   Thumb Code     0  startup_stm32f40_41xxx.o(.text)
    FLASH_IRQHandler                         0x0800172b   Thumb Code     0  startup_stm32f40_41xxx.o(.text)
    FPU_IRQHandler                           0x0800172b   Thumb Code     0  startup_stm32f40_41xxx.o(.text)
    FSMC_IRQHandler                          0x0800172b   Thumb Code     0  startup_stm32f40_41xxx.o(.text)
    HASH_RNG_IRQHandler                      0x0800172b   Thumb Code     0  startup_stm32f40_41xxx.o(.text)
    I2C1_ER_IRQHandler                       0x0800172b   Thumb Code     0  startup_stm32f40_41xxx.o(.text)
    I2C1_EV_IRQHandler                       0x0800172b   Thumb Code     0  startup_stm32f40_41xxx.o(.text)
    I2C2_ER_IRQHandler                       0x0800172b   Thumb Code     0  startup_stm32f40_41xxx.o(.text)
    I2C2_EV_IRQHandler                       0x0800172b   Thumb Code     0  startup_stm32f40_41xxx.o(.text)
    I2C3_ER_IRQHandler                       0x0800172b   Thumb Code     0  startup_stm32f40_41xxx.o(.text)
    I2C3_EV_IRQHandler                       0x0800172b   Thumb Code     0  startup_stm32f40_41xxx.o(.text)
    OTG_FS_IRQHandler                        0x0800172b   Thumb Code     0  startup_stm32f40_41xxx.o(.text)
    OTG_FS_WKUP_IRQHandler                   0x0800172b   Thumb Code     0  startup_stm32f40_41xxx.o(.text)
    OTG_HS_EP1_IN_IRQHandler                 0x0800172b   Thumb Code     0  startup_stm32f40_41xxx.o(.text)
    OTG_HS_EP1_OUT_IRQHandler                0x0800172b   Thumb Code     0  startup_stm32f40_41xxx.o(.text)
    OTG_HS_IRQHandler                        0x0800172b   Thumb Code     0  startup_stm32f40_41xxx.o(.text)
    OTG_HS_WKUP_IRQHandler                   0x0800172b   Thumb Code     0  startup_stm32f40_41xxx.o(.text)
    PVD_IRQHandler                           0x0800172b   Thumb Code     0  startup_stm32f40_41xxx.o(.text)
    RCC_IRQHandler                           0x0800172b   Thumb Code     0  startup_stm32f40_41xxx.o(.text)
    RTC_Alarm_IRQHandler                     0x0800172b   Thumb Code     0  startup_stm32f40_41xxx.o(.text)
    RTC_WKUP_IRQHandler                      0x0800172b   Thumb Code     0  startup_stm32f40_41xxx.o(.text)
    SDIO_IRQHandler                          0x0800172b   Thumb Code     0  startup_stm32f40_41xxx.o(.text)
    SPI1_IRQHandler                          0x0800172b   Thumb Code     0  startup_stm32f40_41xxx.o(.text)
    SPI2_IRQHandler                          0x0800172b   Thumb Code     0  startup_stm32f40_41xxx.o(.text)
    SPI3_IRQHandler                          0x0800172b   Thumb Code     0  startup_stm32f40_41xxx.o(.text)
    TAMP_STAMP_IRQHandler                    0x0800172b   Thumb Code     0  startup_stm32f40_41xxx.o(.text)
    TIM1_BRK_TIM9_IRQHandler                 0x0800172b   Thumb Code     0  startup_stm32f40_41xxx.o(.text)
    TIM1_CC_IRQHandler                       0x0800172b   Thumb Code     0  startup_stm32f40_41xxx.o(.text)
    TIM1_TRG_COM_TIM11_IRQHandler            0x0800172b   Thumb Code     0  startup_stm32f40_41xxx.o(.text)
    TIM1_UP_TIM10_IRQHandler                 0x0800172b   Thumb Code     0  startup_stm32f40_41xxx.o(.text)
    TIM2_IRQHandler                          0x0800172b   Thumb Code     0  startup_stm32f40_41xxx.o(.text)
    TIM5_IRQHandler                          0x0800172b   Thumb Code     0  startup_stm32f40_41xxx.o(.text)
    TIM6_DAC_IRQHandler                      0x0800172b   Thumb Code     0  startup_stm32f40_41xxx.o(.text)
    TIM7_IRQHandler                          0x0800172b   Thumb Code     0  startup_stm32f40_41xxx.o(.text)
    TIM8_BRK_TIM12_IRQHandler                0x0800172b   Thumb Code     0  startup_stm32f40_41xxx.o(.text)
    TIM8_CC_IRQHandler                       0x0800172b   Thumb Code     0  startup_stm32f40_41xxx.o(.text)
    TIM8_TRG_COM_TIM14_IRQHandler            0x0800172b   Thumb Code     0  startup_stm32f40_41xxx.o(.text)
    TIM8_UP_TIM13_IRQHandler                 0x0800172b   Thumb Code     0  startup_stm32f40_41xxx.o(.text)
    UART4_IRQHandler                         0x0800172b   Thumb Code     0  startup_stm32f40_41xxx.o(.text)
    UART5_IRQHandler                         0x0800172b   Thumb Code     0  startup_stm32f40_41xxx.o(.text)
    USART2_IRQHandler                        0x0800172b   Thumb Code     0  startup_stm32f40_41xxx.o(.text)
    USART3_IRQHandler                        0x0800172b   Thumb Code     0  startup_stm32f40_41xxx.o(.text)
    USART6_IRQHandler                        0x0800172b   Thumb Code     0  startup_stm32f40_41xxx.o(.text)
    WWDG_IRQHandler                          0x0800172b   Thumb Code     0  startup_stm32f40_41xxx.o(.text)
    __user_initial_stackheap                 0x0800172d   Thumb Code     0  startup_stm32f40_41xxx.o(.text)
    NVIC_PriorityGroupConfig                 0x08001751   Thumb Code    10  misc.o(.text)
    NVIC_Init                                0x0800175b   Thumb Code   106  misc.o(.text)
    NVIC_SetVectorTable                      0x080017c5   Thumb Code    14  misc.o(.text)
    NVIC_SystemLPConfig                      0x080017d3   Thumb Code    34  misc.o(.text)
    SysTick_CLKSourceConfig                  0x080017f5   Thumb Code    40  misc.o(.text)
    DCMI_DeInit                              0x08001831   Thumb Code    24  stm32f4xx_dcmi.o(.text)
    DCMI_Init                                0x08001849   Thumb Code    60  stm32f4xx_dcmi.o(.text)
    DCMI_StructInit                          0x08001885   Thumb Code    18  stm32f4xx_dcmi.o(.text)
    DCMI_CROPConfig                          0x08001897   Thumb Code    26  stm32f4xx_dcmi.o(.text)
    DCMI_CROPCmd                             0x080018b1   Thumb Code    30  stm32f4xx_dcmi.o(.text)
    DCMI_SetEmbeddedSynchroCodes             0x080018cf   Thumb Code    26  stm32f4xx_dcmi.o(.text)
    DCMI_JPEGCmd                             0x080018e9   Thumb Code    30  stm32f4xx_dcmi.o(.text)
    DCMI_Cmd                                 0x08001907   Thumb Code    30  stm32f4xx_dcmi.o(.text)
    DCMI_CaptureCmd                          0x08001925   Thumb Code    30  stm32f4xx_dcmi.o(.text)
    DCMI_ReadData                            0x08001943   Thumb Code     6  stm32f4xx_dcmi.o(.text)
    DCMI_ITConfig                            0x08001949   Thumb Code    30  stm32f4xx_dcmi.o(.text)
    DCMI_GetFlagStatus                       0x08001967   Thumb Code    46  stm32f4xx_dcmi.o(.text)
    DCMI_ClearFlag                           0x08001995   Thumb Code     6  stm32f4xx_dcmi.o(.text)
    DCMI_GetITStatus                         0x0800199b   Thumb Code    24  stm32f4xx_dcmi.o(.text)
    DCMI_ClearITPendingBit                   0x080019b3   Thumb Code     6  stm32f4xx_dcmi.o(.text)
    GPIO_DeInit                              0x080019bd   Thumb Code   268  stm32f4xx_gpio.o(.text)
    GPIO_Init                                0x08001ac9   Thumb Code   144  stm32f4xx_gpio.o(.text)
    GPIO_StructInit                          0x08001b59   Thumb Code    18  stm32f4xx_gpio.o(.text)
    GPIO_PinLockConfig                       0x08001b6b   Thumb Code    34  stm32f4xx_gpio.o(.text)
    GPIO_ReadInputDataBit                    0x08001b8d   Thumb Code    18  stm32f4xx_gpio.o(.text)
    GPIO_ReadInputData                       0x08001b9f   Thumb Code     8  stm32f4xx_gpio.o(.text)
    GPIO_ReadOutputDataBit                   0x08001ba7   Thumb Code    18  stm32f4xx_gpio.o(.text)
    GPIO_ReadOutputData                      0x08001bb9   Thumb Code     8  stm32f4xx_gpio.o(.text)
    GPIO_SetBits                             0x08001bc1   Thumb Code     4  stm32f4xx_gpio.o(.text)
    GPIO_ResetBits                           0x08001bc5   Thumb Code     4  stm32f4xx_gpio.o(.text)
    GPIO_WriteBit                            0x08001bc9   Thumb Code    10  stm32f4xx_gpio.o(.text)
    GPIO_Write                               0x08001bd3   Thumb Code     4  stm32f4xx_gpio.o(.text)
    GPIO_ToggleBits                          0x08001bd7   Thumb Code     8  stm32f4xx_gpio.o(.text)
    GPIO_PinAFConfig                         0x08001bdf   Thumb Code    70  stm32f4xx_gpio.o(.text)
    DMA_DeInit                               0x08001c51   Thumb Code   324  stm32f4xx_dma.o(.text)
    DMA_Init                                 0x08001d95   Thumb Code    82  stm32f4xx_dma.o(.text)
    DMA_StructInit                           0x08001de7   Thumb Code    34  stm32f4xx_dma.o(.text)
    DMA_Cmd                                  0x08001e09   Thumb Code    22  stm32f4xx_dma.o(.text)
    DMA_PeriphIncOffsetSizeConfig            0x08001e1f   Thumb Code    22  stm32f4xx_dma.o(.text)
    DMA_FlowControllerConfig                 0x08001e35   Thumb Code    22  stm32f4xx_dma.o(.text)
    DMA_SetCurrDataCounter                   0x08001e4b   Thumb Code     4  stm32f4xx_dma.o(.text)
    DMA_GetCurrDataCounter                   0x08001e4f   Thumb Code     8  stm32f4xx_dma.o(.text)
    DMA_DoubleBufferModeConfig               0x08001e57   Thumb Code    24  stm32f4xx_dma.o(.text)
    DMA_DoubleBufferModeCmd                  0x08001e6f   Thumb Code    22  stm32f4xx_dma.o(.text)
    DMA_MemoryTargetConfig                   0x08001e85   Thumb Code    10  stm32f4xx_dma.o(.text)
    DMA_GetCurrentMemoryTarget               0x08001e8f   Thumb Code    20  stm32f4xx_dma.o(.text)
    DMA_GetCmdStatus                         0x08001ea3   Thumb Code    20  stm32f4xx_dma.o(.text)
    DMA_GetFIFOStatus                        0x08001eb7   Thumb Code    12  stm32f4xx_dma.o(.text)
    DMA_GetFlagStatus                        0x08001ec3   Thumb Code    56  stm32f4xx_dma.o(.text)
    DMA_ClearFlag                            0x08001efb   Thumb Code    40  stm32f4xx_dma.o(.text)
    DMA_ITConfig                             0x08001f23   Thumb Code    58  stm32f4xx_dma.o(.text)
    DMA_GetITStatus                          0x08001f5d   Thumb Code    84  stm32f4xx_dma.o(.text)
    DMA_ClearITPendingBit                    0x08001fb1   Thumb Code    40  stm32f4xx_dma.o(.text)
    RCC_DeInit                               0x08001ff9   Thumb Code    82  stm32f4xx_rcc.o(.text)
    RCC_HSEConfig                            0x0800204b   Thumb Code    14  stm32f4xx_rcc.o(.text)
    RCC_GetFlagStatus                        0x08002059   Thumb Code    60  stm32f4xx_rcc.o(.text)
    RCC_WaitForHSEStartUp                    0x08002095   Thumb Code    56  stm32f4xx_rcc.o(.text)
    RCC_AdjustHSICalibrationValue            0x080020cd   Thumb Code    20  stm32f4xx_rcc.o(.text)
    RCC_HSICmd                               0x080020e1   Thumb Code     6  stm32f4xx_rcc.o(.text)
    RCC_LSEConfig                            0x080020e7   Thumb Code    46  stm32f4xx_rcc.o(.text)
    RCC_LSICmd                               0x08002115   Thumb Code     6  stm32f4xx_rcc.o(.text)
    RCC_PLLConfig                            0x0800211b   Thumb Code    32  stm32f4xx_rcc.o(.text)
    RCC_PLLCmd                               0x0800213b   Thumb Code     6  stm32f4xx_rcc.o(.text)
    RCC_PLLI2SConfig                         0x08002141   Thumb Code    14  stm32f4xx_rcc.o(.text)
    RCC_PLLI2SCmd                            0x0800214f   Thumb Code     6  stm32f4xx_rcc.o(.text)
    RCC_PLLSAIConfig                         0x08002155   Thumb Code    20  stm32f4xx_rcc.o(.text)
    RCC_PLLSAICmd                            0x08002169   Thumb Code     6  stm32f4xx_rcc.o(.text)
    RCC_ClockSecuritySystemCmd               0x0800216f   Thumb Code     6  stm32f4xx_rcc.o(.text)
    RCC_MCO1Config                           0x08002175   Thumb Code    28  stm32f4xx_rcc.o(.text)
    RCC_MCO2Config                           0x08002191   Thumb Code    28  stm32f4xx_rcc.o(.text)
    RCC_SYSCLKConfig                         0x080021ad   Thumb Code    20  stm32f4xx_rcc.o(.text)
    RCC_GetSYSCLKSource                      0x080021c1   Thumb Code    12  stm32f4xx_rcc.o(.text)
    RCC_HCLKConfig                           0x080021cd   Thumb Code    20  stm32f4xx_rcc.o(.text)
    RCC_PCLK1Config                          0x080021e1   Thumb Code    20  stm32f4xx_rcc.o(.text)
    RCC_PCLK2Config                          0x080021f5   Thumb Code    22  stm32f4xx_rcc.o(.text)
    RCC_GetClocksFreq                        0x0800220b   Thumb Code   222  stm32f4xx_rcc.o(.text)
    RCC_RTCCLKConfig                         0x080022e9   Thumb Code    54  stm32f4xx_rcc.o(.text)
    RCC_RTCCLKCmd                            0x0800231f   Thumb Code     8  stm32f4xx_rcc.o(.text)
    RCC_BackupResetCmd                       0x08002327   Thumb Code     8  stm32f4xx_rcc.o(.text)
    RCC_I2SCLKConfig                         0x0800232f   Thumb Code     6  stm32f4xx_rcc.o(.text)
    RCC_SAIPLLI2SClkDivConfig                0x08002335   Thumb Code    26  stm32f4xx_rcc.o(.text)
    RCC_SAIPLLSAIClkDivConfig                0x0800234f   Thumb Code    28  stm32f4xx_rcc.o(.text)
    RCC_SAIBlockACLKConfig                   0x0800236b   Thumb Code    20  stm32f4xx_rcc.o(.text)
    RCC_SAIBlockBCLKConfig                   0x0800237f   Thumb Code    20  stm32f4xx_rcc.o(.text)
    RCC_LTDCCLKDivConfig                     0x08002393   Thumb Code    20  stm32f4xx_rcc.o(.text)
    RCC_TIMCLKPresConfig                     0x080023a7   Thumb Code     6  stm32f4xx_rcc.o(.text)
    RCC_AHB1PeriphClockCmd                   0x080023ad   Thumb Code    34  stm32f4xx_rcc.o(.text)
    RCC_AHB2PeriphClockCmd                   0x080023cf   Thumb Code    78  stm32f4xx_rcc.o(.text)
    RCC_AHB3PeriphClockCmd                   0x0800241d   Thumb Code    34  stm32f4xx_rcc.o(.text)
    RCC_APB1PeriphClockCmd                   0x0800243f   Thumb Code    34  stm32f4xx_rcc.o(.text)
    RCC_APB2PeriphClockCmd                   0x08002461   Thumb Code    34  stm32f4xx_rcc.o(.text)
    RCC_AHB1PeriphResetCmd                   0x08002483   Thumb Code    34  stm32f4xx_rcc.o(.text)
    RCC_AHB2PeriphResetCmd                   0x080024a5   Thumb Code    34  stm32f4xx_rcc.o(.text)
    RCC_AHB3PeriphResetCmd                   0x080024c7   Thumb Code    34  stm32f4xx_rcc.o(.text)
    RCC_APB1PeriphResetCmd                   0x080024e9   Thumb Code    34  stm32f4xx_rcc.o(.text)
    RCC_APB2PeriphResetCmd                   0x0800250b   Thumb Code    34  stm32f4xx_rcc.o(.text)
    RCC_AHB1PeriphClockLPModeCmd             0x0800252d   Thumb Code    34  stm32f4xx_rcc.o(.text)
    RCC_AHB2PeriphClockLPModeCmd             0x0800254f   Thumb Code    34  stm32f4xx_rcc.o(.text)
    RCC_AHB3PeriphClockLPModeCmd             0x08002571   Thumb Code    34  stm32f4xx_rcc.o(.text)
    RCC_APB1PeriphClockLPModeCmd             0x08002593   Thumb Code    34  stm32f4xx_rcc.o(.text)
    RCC_APB2PeriphClockLPModeCmd             0x080025b5   Thumb Code    34  stm32f4xx_rcc.o(.text)
    RCC_LSEModeConfig                        0x080025d7   Thumb Code    40  stm32f4xx_rcc.o(.text)
    RCC_ITConfig                             0x080025ff   Thumb Code    34  stm32f4xx_rcc.o(.text)
    RCC_ClearFlag                            0x08002621   Thumb Code    18  stm32f4xx_rcc.o(.text)
    RCC_GetITStatus                          0x08002633   Thumb Code    22  stm32f4xx_rcc.o(.text)
    RCC_ClearITPendingBit                    0x08002649   Thumb Code     8  stm32f4xx_rcc.o(.text)
    USART_DeInit                             0x08002655   Thumb Code   206  stm32f4xx_usart.o(.text)
    USART_Init                               0x08002723   Thumb Code   204  stm32f4xx_usart.o(.text)
    USART_StructInit                         0x080027ef   Thumb Code    24  stm32f4xx_usart.o(.text)
    USART_ClockInit                          0x08002807   Thumb Code    32  stm32f4xx_usart.o(.text)
    USART_ClockStructInit                    0x08002827   Thumb Code    12  stm32f4xx_usart.o(.text)
    USART_Cmd                                0x08002833   Thumb Code    24  stm32f4xx_usart.o(.text)
    USART_SetPrescaler                       0x0800284b   Thumb Code    16  stm32f4xx_usart.o(.text)
    USART_OverSampling8Cmd                   0x0800285b   Thumb Code    22  stm32f4xx_usart.o(.text)
    USART_OneBitMethodCmd                    0x08002871   Thumb Code    24  stm32f4xx_usart.o(.text)
    USART_SendData                           0x08002889   Thumb Code     8  stm32f4xx_usart.o(.text)
    USART_ReceiveData                        0x08002891   Thumb Code    10  stm32f4xx_usart.o(.text)
    USART_SetAddress                         0x0800289b   Thumb Code    18  stm32f4xx_usart.o(.text)
    USART_ReceiverWakeUpCmd                  0x080028ad   Thumb Code    24  stm32f4xx_usart.o(.text)
    USART_WakeUpConfig                       0x080028c5   Thumb Code    18  stm32f4xx_usart.o(.text)
    USART_LINBreakDetectLengthConfig         0x080028d7   Thumb Code    18  stm32f4xx_usart.o(.text)
    USART_LINCmd                             0x080028e9   Thumb Code    24  stm32f4xx_usart.o(.text)
    USART_SendBreak                          0x08002901   Thumb Code    10  stm32f4xx_usart.o(.text)
    USART_HalfDuplexCmd                      0x0800290b   Thumb Code    24  stm32f4xx_usart.o(.text)
    USART_SetGuardTime                       0x08002923   Thumb Code    16  stm32f4xx_usart.o(.text)
    USART_SmartCardCmd                       0x08002933   Thumb Code    24  stm32f4xx_usart.o(.text)
    USART_SmartCardNACKCmd                   0x0800294b   Thumb Code    24  stm32f4xx_usart.o(.text)
    USART_IrDAConfig                         0x08002963   Thumb Code    18  stm32f4xx_usart.o(.text)
    USART_IrDACmd                            0x08002975   Thumb Code    24  stm32f4xx_usart.o(.text)
    USART_DMACmd                             0x0800298d   Thumb Code    18  stm32f4xx_usart.o(.text)
    USART_ITConfig                           0x0800299f   Thumb Code    74  stm32f4xx_usart.o(.text)
    USART_GetFlagStatus                      0x080029e9   Thumb Code    26  stm32f4xx_usart.o(.text)
    USART_ClearFlag                          0x08002a03   Thumb Code    18  stm32f4xx_usart.o(.text)
    USART_GetITStatus                        0x08002a15   Thumb Code   118  stm32f4xx_usart.o(.text)
    USART_ClearITPendingBit                  0x08002a8b   Thumb Code    30  stm32f4xx_usart.o(.text)
    TIM_DeInit                               0x08002aa9   Thumb Code   346  stm32f4xx_tim.o(.text)
    TIM_TimeBaseInit                         0x08002c03   Thumb Code   104  stm32f4xx_tim.o(.text)
    TIM_TimeBaseStructInit                   0x08002c6b   Thumb Code    18  stm32f4xx_tim.o(.text)
    TIM_PrescalerConfig                      0x08002c7d   Thumb Code     6  stm32f4xx_tim.o(.text)
    TIM_CounterModeConfig                    0x08002c83   Thumb Code    18  stm32f4xx_tim.o(.text)
    TIM_SetCounter                           0x08002c95   Thumb Code     4  stm32f4xx_tim.o(.text)
    TIM_SetAutoreload                        0x08002c99   Thumb Code     4  stm32f4xx_tim.o(.text)
    TIM_GetCounter                           0x08002c9d   Thumb Code     6  stm32f4xx_tim.o(.text)
    TIM_GetPrescaler                         0x08002ca3   Thumb Code     6  stm32f4xx_tim.o(.text)
    TIM_UpdateDisableConfig                  0x08002ca9   Thumb Code    24  stm32f4xx_tim.o(.text)
    TIM_UpdateRequestConfig                  0x08002cc1   Thumb Code    24  stm32f4xx_tim.o(.text)
    TIM_ARRPreloadConfig                     0x08002cd9   Thumb Code    24  stm32f4xx_tim.o(.text)
    TIM_SelectOnePulseMode                   0x08002cf1   Thumb Code    18  stm32f4xx_tim.o(.text)
    TIM_SetClockDivision                     0x08002d03   Thumb Code    18  stm32f4xx_tim.o(.text)
    TIM_Cmd                                  0x08002d15   Thumb Code    24  stm32f4xx_tim.o(.text)
    TIM_OC1Init                              0x08002d2d   Thumb Code   114  stm32f4xx_tim.o(.text)
    TIM_OC2Init                              0x08002d9f   Thumb Code   154  stm32f4xx_tim.o(.text)
    TIM_OC3Init                              0x08002e39   Thumb Code   204  stm32f4xx_tim.o(.text)
    TIM_OC4Init                              0x08002f05   Thumb Code   112  stm32f4xx_tim.o(.text)
    TIM_OCStructInit                         0x08002f75   Thumb Code    20  stm32f4xx_tim.o(.text)
    TIM_SelectOCxM                           0x08002f89   Thumb Code    86  stm32f4xx_tim.o(.text)
    TIM_SetCompare1                          0x08002fdf   Thumb Code     4  stm32f4xx_tim.o(.text)
    TIM_SetCompare2                          0x08002fe3   Thumb Code     4  stm32f4xx_tim.o(.text)
    TIM_SetCompare3                          0x08002fe7   Thumb Code     4  stm32f4xx_tim.o(.text)
    TIM_SetCompare4                          0x08002feb   Thumb Code     4  stm32f4xx_tim.o(.text)
    TIM_ForcedOC1Config                      0x08002fef   Thumb Code    18  stm32f4xx_tim.o(.text)
    TIM_ForcedOC2Config                      0x08003001   Thumb Code    26  stm32f4xx_tim.o(.text)
    TIM_ForcedOC3Config                      0x0800301b   Thumb Code    18  stm32f4xx_tim.o(.text)
    TIM_ForcedOC4Config                      0x0800302d   Thumb Code    26  stm32f4xx_tim.o(.text)
    TIM_OC1PreloadConfig                     0x08003047   Thumb Code    18  stm32f4xx_tim.o(.text)
    TIM_OC2PreloadConfig                     0x08003059   Thumb Code    26  stm32f4xx_tim.o(.text)
    TIM_OC3PreloadConfig                     0x08003073   Thumb Code    18  stm32f4xx_tim.o(.text)
    TIM_OC4PreloadConfig                     0x08003085   Thumb Code    26  stm32f4xx_tim.o(.text)
    TIM_OC1FastConfig                        0x0800309f   Thumb Code    18  stm32f4xx_tim.o(.text)
    TIM_OC2FastConfig                        0x080030b1   Thumb Code    26  stm32f4xx_tim.o(.text)
    TIM_OC3FastConfig                        0x080030cb   Thumb Code    18  stm32f4xx_tim.o(.text)
    TIM_OC4FastConfig                        0x080030dd   Thumb Code    26  stm32f4xx_tim.o(.text)
    TIM_ClearOC1Ref                          0x080030f7   Thumb Code    18  stm32f4xx_tim.o(.text)
    TIM_ClearOC2Ref                          0x08003109   Thumb Code    24  stm32f4xx_tim.o(.text)
    TIM_ClearOC3Ref                          0x08003121   Thumb Code    18  stm32f4xx_tim.o(.text)
    TIM_ClearOC4Ref                          0x08003133   Thumb Code    24  stm32f4xx_tim.o(.text)
    TIM_OC1PolarityConfig                    0x0800314b   Thumb Code    18  stm32f4xx_tim.o(.text)
    TIM_OC1NPolarityConfig                   0x0800315d   Thumb Code    18  stm32f4xx_tim.o(.text)
    TIM_OC2PolarityConfig                    0x0800316f   Thumb Code    26  stm32f4xx_tim.o(.text)
    TIM_OC2NPolarityConfig                   0x08003189   Thumb Code    26  stm32f4xx_tim.o(.text)
    TIM_OC3PolarityConfig                    0x080031a3   Thumb Code    26  stm32f4xx_tim.o(.text)
    TIM_OC3NPolarityConfig                   0x080031bd   Thumb Code    26  stm32f4xx_tim.o(.text)
    TIM_OC4PolarityConfig                    0x080031d7   Thumb Code    26  stm32f4xx_tim.o(.text)
    TIM_CCxCmd                               0x080031f1   Thumb Code    30  stm32f4xx_tim.o(.text)
    TIM_CCxNCmd                              0x0800320f   Thumb Code    30  stm32f4xx_tim.o(.text)
    TIM_SetIC4Prescaler                      0x0800322d   Thumb Code    26  stm32f4xx_tim.o(.text)
    TIM_SetIC3Prescaler                      0x08003297   Thumb Code    18  stm32f4xx_tim.o(.text)
    TIM_SetIC2Prescaler                      0x080032f1   Thumb Code    26  stm32f4xx_tim.o(.text)
    TIM_SetIC1Prescaler                      0x08003365   Thumb Code    18  stm32f4xx_tim.o(.text)
    TIM_ICInit                               0x080033b1   Thumb Code   110  stm32f4xx_tim.o(.text)
    TIM_ICStructInit                         0x0800341f   Thumb Code    18  stm32f4xx_tim.o(.text)
    TIM_PWMIConfig                           0x08003431   Thumb Code   124  stm32f4xx_tim.o(.text)
    TIM_GetCapture1                          0x080034ad   Thumb Code     6  stm32f4xx_tim.o(.text)
    TIM_GetCapture2                          0x080034b3   Thumb Code     6  stm32f4xx_tim.o(.text)
    TIM_GetCapture3                          0x080034b9   Thumb Code     6  stm32f4xx_tim.o(.text)
    TIM_GetCapture4                          0x080034bf   Thumb Code     6  stm32f4xx_tim.o(.text)
    TIM_BDTRConfig                           0x080034c5   Thumb Code    32  stm32f4xx_tim.o(.text)
    TIM_BDTRStructInit                       0x080034e5   Thumb Code    18  stm32f4xx_tim.o(.text)
    TIM_CtrlPWMOutputs                       0x080034f7   Thumb Code    30  stm32f4xx_tim.o(.text)
    TIM_SelectCOM                            0x08003515   Thumb Code    24  stm32f4xx_tim.o(.text)
    TIM_CCPreloadControl                     0x0800352d   Thumb Code    24  stm32f4xx_tim.o(.text)
    TIM_ITConfig                             0x08003545   Thumb Code    18  stm32f4xx_tim.o(.text)
    TIM_GenerateEvent                        0x08003557   Thumb Code     4  stm32f4xx_tim.o(.text)
    TIM_GetFlagStatus                        0x0800355b   Thumb Code    18  stm32f4xx_tim.o(.text)
    TIM_ClearFlag                            0x0800356d   Thumb Code     6  stm32f4xx_tim.o(.text)
    TIM_GetITStatus                          0x08003573   Thumb Code    34  stm32f4xx_tim.o(.text)
    TIM_ClearITPendingBit                    0x08003595   Thumb Code     6  stm32f4xx_tim.o(.text)
    TIM_DMAConfig                            0x0800359b   Thumb Code    10  stm32f4xx_tim.o(.text)
    TIM_DMACmd                               0x080035a5   Thumb Code    18  stm32f4xx_tim.o(.text)
    TIM_SelectCCDMA                          0x080035b7   Thumb Code    24  stm32f4xx_tim.o(.text)
    TIM_InternalClockConfig                  0x080035cf   Thumb Code    12  stm32f4xx_tim.o(.text)
    TIM_SelectInputTrigger                   0x080035db   Thumb Code    18  stm32f4xx_tim.o(.text)
    TIM_ITRxExternalClockConfig              0x080035ed   Thumb Code    24  stm32f4xx_tim.o(.text)
    TIM_TIxExternalClockConfig               0x08003605   Thumb Code    62  stm32f4xx_tim.o(.text)
    TIM_ETRConfig                            0x08003643   Thumb Code    28  stm32f4xx_tim.o(.text)
    TIM_ETRClockMode1Config                  0x0800365f   Thumb Code    54  stm32f4xx_tim.o(.text)
    TIM_ETRClockMode2Config                  0x08003695   Thumb Code    32  stm32f4xx_tim.o(.text)
    TIM_SelectOutputTrigger                  0x080036b5   Thumb Code    18  stm32f4xx_tim.o(.text)
    TIM_SelectSlaveMode                      0x080036c7   Thumb Code    18  stm32f4xx_tim.o(.text)
    TIM_SelectMasterSlaveMode                0x080036d9   Thumb Code    18  stm32f4xx_tim.o(.text)
    TIM_EncoderInterfaceConfig               0x080036eb   Thumb Code    66  stm32f4xx_tim.o(.text)
    TIM_SelectHallSensor                     0x0800372d   Thumb Code    24  stm32f4xx_tim.o(.text)
    TIM_RemapConfig                          0x08003745   Thumb Code     6  stm32f4xx_tim.o(.text)
    usmart_sys_cmd_exe                       0x0800374d   Thumb Code  1554  usmart.o(.text)
    usmart_reset_runtime                     0x08003d5f   Thumb Code    38  usmart.o(.text)
    usmart_get_runtime                       0x08003d85   Thumb Code    60  usmart.o(.text)
    TIM4_IRQHandler                          0x08003dc1   Thumb Code    46  usmart.o(.text)
    Timer4_Init                              0x08003def   Thumb Code    86  usmart.o(.text)
    usmart_init                              0x08003e45   Thumb Code    36  usmart.o(.text)
    usmart_cmd_rec                           0x08003e69   Thumb Code   170  usmart.o(.text)
    usmart_exe                               0x08003f13   Thumb Code   868  usmart.o(.text)
    usmart_scan                              0x08004277   Thumb Code   120  usmart.o(.text)
    read_addr                                0x080042ef   Thumb Code     6  usmart.o(.text)
    write_addr                               0x080042f5   Thumb Code     4  usmart.o(.text)
    usmart_strcmp                            0x08004381   Thumb Code    34  usmart_str.o(.text)
    usmart_strcopy                           0x080043a3   Thumb Code    22  usmart_str.o(.text)
    usmart_strlen                            0x080043b9   Thumb Code    24  usmart_str.o(.text)
    usmart_pow                               0x080043d1   Thumb Code    22  usmart_str.o(.text)
    usmart_str2num                           0x080043e7   Thumb Code   202  usmart_str.o(.text)
    usmart_get_cmdname                       0x080044b1   Thumb Code    54  usmart_str.o(.text)
    usmart_search_nextc                      0x080044e7   Thumb Code    22  usmart_str.o(.text)
    usmart_get_fname                         0x080044fd   Thumb Code   440  usmart_str.o(.text)
    usmart_get_aparm                         0x080046b5   Thumb Code   200  usmart_str.o(.text)
    usmart_get_parmpos                       0x0800477d   Thumb Code    26  usmart_str.o(.text)
    usmart_get_fparam                        0x08004797   Thumb Code   262  usmart_str.o(.text)
    __use_no_semihosting                     0x080048a9   Thumb Code     2  use_no_semi_2.o(.text)
    __2printf                                0x080048ad   Thumb Code    20  noretval__2printf.o(.text)
    __2sprintf                               0x080048c5   Thumb Code    34  noretval__2sprintf.o(.text)
    _printf_pre_padding                      0x080048ed   Thumb Code    44  _printf_pad.o(.text)
    _printf_post_padding                     0x08004919   Thumb Code    34  _printf_pad.o(.text)
    _printf_str                              0x0800493b   Thumb Code    82  _printf_str.o(.text)
    _printf_int_dec                          0x0800498d   Thumb Code   104  _printf_dec.o(.text)
    _printf_int_hex                          0x08004a05   Thumb Code    84  _printf_hex_int.o(.text)
    _printf_longlong_hex                     0x08004a05   Thumb Code     0  _printf_hex_int.o(.text)
    __printf                                 0x08004a5d   Thumb Code   388  __printf_flags_ss_wp.o(.text)
    __use_two_region_memory                  0x08004be5   Thumb Code     2  heapauxi.o(.text)
    __rt_heap_escrow$2region                 0x08004be7   Thumb Code     2  heapauxi.o(.text)
    __rt_heap_expand$2region                 0x08004be9   Thumb Code     2  heapauxi.o(.text)
    __I$use$semihosting                      0x08004beb   Thumb Code     0  use_no_semi.o(.text)
    __use_no_semihosting_swi                 0x08004beb   Thumb Code     2  use_no_semi.o(.text)
    _printf_int_common                       0x08004bed   Thumb Code   178  _printf_intcommon.o(.text)
    _printf_char_common                      0x08004cab   Thumb Code    32  _printf_char_common.o(.text)
    _sputc                                   0x08004cd1   Thumb Code    10  _sputc.o(.text)
    _printf_cs_common                        0x08004cdb   Thumb Code    20  _printf_char.o(.text)
    _printf_char                             0x08004cef   Thumb Code    16  _printf_char.o(.text)
    _printf_string                           0x08004cff   Thumb Code     8  _printf_char.o(.text)
    _printf_char_file                        0x08004d09   Thumb Code    32  _printf_char_file.o(.text)
    ferror                                   0x08004d2d   Thumb Code     8  ferror.o(.text)
    __user_setup_stackheap                   0x08004d35   Thumb Code    74  sys_stackheap_outer.o(.text)
    exit                                     0x08004d7f   Thumb Code    12  exit.o(.text)
    __user_libspace                          0x08004d8d   Thumb Code     8  libspace.o(.text)
    __user_perproc_libspace                  0x08004d8d   Thumb Code     0  libspace.o(.text)
    __user_perthread_libspace                0x08004d8d   Thumb Code     0  libspace.o(.text)
    _is_digit                                0x08004d95   Thumb Code    14  __printf_wp.o(i._is_digit)
    _fp_init                                 0x08004da3   Thumb Code    10  fpinit.o(x$fpl$fpinit)
    __fplib_config_fpu_vfp                   0x08004dab   Thumb Code     0  fpinit.o(x$fpl$fpinit)
    __fplib_config_pureend_doubles           0x08004dab   Thumb Code     0  fpinit.o(x$fpl$fpinit)
    jpeg_img_size_tbl                        0x08004dac   Data          36  main.o(.constdata)
    ov2640_sxga_init_reg_tbl                 0x08004dd0   Data         356  ov2640.o(.constdata)
    ov2640_svga_init_reg_tbl                 0x08004f34   Data         354  ov2640.o(.constdata)
    ov2640_jpeg_reg_tbl                      0x08005096   Data          14  ov2640.o(.constdata)
    ov2640_rgb565_reg_tbl                    0x080050a4   Data          28  ov2640.o(.constdata)
    ov2640_yuv422_reg_tbl                    0x080050c0   Data          16  ov2640.o(.constdata)
    Region$$Table$$Base                      0x0800552c   Number         0  anon$$obj.o(Region$$Table)
    Region$$Table$$Limit                     0x0800554c   Number         0  anon$$obj.o(Region$$Table)
    ov2640_mode                              0x20000000   Data           1  main.o(.data)
    jpeg_data_len                            0x20000004   Data           4  main.o(.data)
    jpeg_data_ok                             0x20000008   Data           1  main.o(.data)
    EFFECTS_TBL                              0x2000000c   Data          28  main.o(.data)
    JPEG_SIZE_TBL                            0x20000028   Data          36  main.o(.data)
    SystemCoreClock                          0x2000004c   Data           4  system_stm32f4xx.o(.data)
    AHBPrescTable                            0x20000050   Data          16  system_stm32f4xx.o(.data)
    ov_frame                                 0x20000061   Data           1  dcmi.o(.data)
    __stdout                                 0x20000068   Data           4  usart.o(.data)
    USART_RX_STA                             0x2000006c   Data           2  usart.o(.data)
    sys_cmd_tab                              0x20000080   Data          28  usmart.o(.data)
    usmart_nametab                           0x2000009c   Data         168  usmart_config.o(.data)
    usmart_dev                               0x20000144   Data         244  usmart_config.o(.data)
    jpeg_buf                                 0x20000238   Data       40960  main.o(.bss)
    DCMI_InitStructure                       0x2000a238   Data          14  dcmi.o(.bss)
    USART_RX_BUF                             0x2000a246   Data         200  usart.o(.bss)
    __libspace_start                         0x2000a310   Data          96  libspace.o(.bss)
    __temporary_stack_top$libspace           0x2000a370   Data           0  libspace.o(.bss)



==============================================================================

Memory Map of the image

  Image Entry point : 0x08000189

  Load Region LR_IROM1 (Base: 0x08000000, Size: 0x00005784, Max: 0x00080000, ABSOLUTE, COMPRESSED[0x00005648])

    Execution Region ER_IROM1 (Base: 0x08000000, Size: 0x0000554c, Max: 0x00080000, ABSOLUTE)

    Base Addr    Size         Type   Attr      Idx    E Section Name        Object

    0x08000000   0x00000188   Data   RO          476    RESET               startup_stm32f40_41xxx.o
    0x08000188   0x00000008   Code   RO          800  * !!!main             c_w.l(__main.o)
    0x08000190   0x00000034   Code   RO          973    !!!scatter          c_w.l(__scatter.o)
    0x080001c4   0x0000005a   Code   RO          971    !!dczerorl2         c_w.l(__dczerorl2.o)
    0x0800021e   0x00000002   PAD
    0x08000220   0x0000001c   Code   RO          975    !!handler_zi        c_w.l(__scatter_zi.o)
    0x0800023c   0x00000000   Code   RO          797    .ARM.Collect$$_printf_percent$$00000000  c_w.l(_printf_percent.o)
    0x0800023c   0x00000006   Code   RO          795    .ARM.Collect$$_printf_percent$$00000009  c_w.l(_printf_d.o)
    0x08000242   0x00000006   Code   RO          796    .ARM.Collect$$_printf_percent$$0000000A  c_w.l(_printf_u.o)
    0x08000248   0x00000006   Code   RO          794    .ARM.Collect$$_printf_percent$$0000000C  c_w.l(_printf_x.o)
    0x0800024e   0x00000006   Code   RO          792    .ARM.Collect$$_printf_percent$$00000013  c_w.l(_printf_c.o)
    0x08000254   0x00000006   Code   RO          793    .ARM.Collect$$_printf_percent$$00000014  c_w.l(_printf_s.o)
    0x0800025a   0x00000004   Code   RO          815    .ARM.Collect$$_printf_percent$$00000017  c_w.l(_printf_percent_end.o)
    0x0800025e   0x00000002   Code   RO          846    .ARM.Collect$$libinit$$00000000  c_w.l(libinit.o)
    0x08000260   0x00000004   Code   RO          852    .ARM.Collect$$libinit$$00000001  c_w.l(libinit2.o)
    0x08000264   0x00000000   Code   RO          855    .ARM.Collect$$libinit$$00000004  c_w.l(libinit2.o)
    0x08000264   0x00000000   Code   RO          858    .ARM.Collect$$libinit$$0000000A  c_w.l(libinit2.o)
    0x08000264   0x00000000   Code   RO          860    .ARM.Collect$$libinit$$0000000C  c_w.l(libinit2.o)
    0x08000264   0x00000000   Code   RO          862    .ARM.Collect$$libinit$$0000000E  c_w.l(libinit2.o)
    0x08000264   0x00000000   Code   RO          865    .ARM.Collect$$libinit$$00000011  c_w.l(libinit2.o)
    0x08000264   0x00000000   Code   RO          867    .ARM.Collect$$libinit$$00000013  c_w.l(libinit2.o)
    0x08000264   0x00000000   Code   RO          869    .ARM.Collect$$libinit$$00000015  c_w.l(libinit2.o)
    0x08000264   0x00000000   Code   RO          871    .ARM.Collect$$libinit$$00000017  c_w.l(libinit2.o)
    0x08000264   0x00000000   Code   RO          873    .ARM.Collect$$libinit$$00000019  c_w.l(libinit2.o)
    0x08000264   0x00000000   Code   RO          875    .ARM.Collect$$libinit$$0000001B  c_w.l(libinit2.o)
    0x08000264   0x00000000   Code   RO          877    .ARM.Collect$$libinit$$0000001D  c_w.l(libinit2.o)
    0x08000264   0x00000000   Code   RO          879    .ARM.Collect$$libinit$$0000001F  c_w.l(libinit2.o)
    0x08000264   0x00000000   Code   RO          881    .ARM.Collect$$libinit$$00000021  c_w.l(libinit2.o)
    0x08000264   0x00000000   Code   RO          883    .ARM.Collect$$libinit$$00000023  c_w.l(libinit2.o)
    0x08000264   0x00000000   Code   RO          885    .ARM.Collect$$libinit$$00000025  c_w.l(libinit2.o)
    0x08000264   0x00000000   Code   RO          889    .ARM.Collect$$libinit$$0000002C  c_w.l(libinit2.o)
    0x08000264   0x00000000   Code   RO          891    .ARM.Collect$$libinit$$0000002E  c_w.l(libinit2.o)
    0x08000264   0x00000000   Code   RO          893    .ARM.Collect$$libinit$$00000030  c_w.l(libinit2.o)
    0x08000264   0x00000000   Code   RO          895    .ARM.Collect$$libinit$$00000032  c_w.l(libinit2.o)
    0x08000264   0x00000002   Code   RO          896    .ARM.Collect$$libinit$$00000033  c_w.l(libinit2.o)
    0x08000266   0x00000002   Code   RO          914    .ARM.Collect$$libshutdown$$00000000  c_w.l(libshutdown.o)
    0x08000268   0x00000000   Code   RO          925    .ARM.Collect$$libshutdown$$00000003  c_w.l(libshutdown2.o)
    0x08000268   0x00000000   Code   RO          928    .ARM.Collect$$libshutdown$$00000006  c_w.l(libshutdown2.o)
    0x08000268   0x00000000   Code   RO          931    .ARM.Collect$$libshutdown$$00000009  c_w.l(libshutdown2.o)
    0x08000268   0x00000000   Code   RO          933    .ARM.Collect$$libshutdown$$0000000B  c_w.l(libshutdown2.o)
    0x08000268   0x00000000   Code   RO          936    .ARM.Collect$$libshutdown$$0000000E  c_w.l(libshutdown2.o)
    0x08000268   0x00000002   Code   RO          937    .ARM.Collect$$libshutdown$$0000000F  c_w.l(libshutdown2.o)
    0x0800026a   0x00000000   Code   RO          804    .ARM.Collect$$rtentry$$00000000  c_w.l(__rtentry.o)
    0x0800026a   0x00000000   Code   RO          817    .ARM.Collect$$rtentry$$00000002  c_w.l(__rtentry2.o)
    0x0800026a   0x00000006   Code   RO          829    .ARM.Collect$$rtentry$$00000004  c_w.l(__rtentry4.o)
    0x08000270   0x00000000   Code   RO          819    .ARM.Collect$$rtentry$$00000009  c_w.l(__rtentry2.o)
    0x08000270   0x00000004   Code   RO          820    .ARM.Collect$$rtentry$$0000000A  c_w.l(__rtentry2.o)
    0x08000274   0x00000000   Code   RO          822    .ARM.Collect$$rtentry$$0000000C  c_w.l(__rtentry2.o)
    0x08000274   0x00000008   Code   RO          823    .ARM.Collect$$rtentry$$0000000D  c_w.l(__rtentry2.o)
    0x0800027c   0x00000002   Code   RO          850    .ARM.Collect$$rtexit$$00000000  c_w.l(rtexit.o)
    0x0800027e   0x00000000   Code   RO          898    .ARM.Collect$$rtexit$$00000002  c_w.l(rtexit2.o)
    0x0800027e   0x00000004   Code   RO          899    .ARM.Collect$$rtexit$$00000003  c_w.l(rtexit2.o)
    0x08000282   0x00000006   Code   RO          900    .ARM.Collect$$rtexit$$00000004  c_w.l(rtexit2.o)
    0x08000288   0x00000218   Code   RO            3    .text               main.o
    0x080004a0   0x0000001a   Code   RO          178    .text               stm32f4xx_it.o
    0x080004ba   0x00000002   PAD
    0x080004bc   0x00000210   Code   RO          227    .text               system_stm32f4xx.o
    0x080006cc   0x00000074   Code   RO          253    .text               led.o
    0x08000740   0x00000084   Code   RO          273    .text               key.o
    0x080007c4   0x00000258   Code   RO          294    .text               dcmi.o
    0x08000a1c   0x000005e0   Code   RO          318    .text               ov2640.o
    0x08000ffc   0x00000274   Code   RO          344    .text               sccb.o
    0x08001270   0x00000198   Code   RO          364    .text               usart2.o
    0x08001408   0x000000b8   Code   RO          384    .text               timer.o
    0x080014c0   0x00000104   Code   RO          405    .text               delay.o
    0x080015c4   0x0000014c   Code   RO          445    .text               usart.o
    0x08001710   0x00000040   Code   RO          477    .text               startup_stm32f40_41xxx.o
    0x08001750   0x000000e0   Code   RO          483    .text               misc.o
    0x08001830   0x0000018c   Code   RO          503    .text               stm32f4xx_dcmi.o
    0x080019bc   0x00000294   Code   RO          523    .text               stm32f4xx_gpio.o
    0x08001c50   0x000003a8   Code   RO          566    .text               stm32f4xx_dma.o
    0x08001ff8   0x0000065c   Code   RO          586    .text               stm32f4xx_rcc.o
    0x08002654   0x00000454   Code   RO          628    .text               stm32f4xx_usart.o
    0x08002aa8   0x00000ca2   Code   RO          648    .text               stm32f4xx_tim.o
    0x0800374a   0x00000002   PAD
    0x0800374c   0x00000c34   Code   RO          668    .text               usmart.o
    0x08004380   0x00000528   Code   RO          713    .text               usmart_str.o
    0x080048a8   0x00000002   Code   RO          733    .text               c_w.l(use_no_semi_2.o)
    0x080048aa   0x00000002   PAD
    0x080048ac   0x00000018   Code   RO          739    .text               c_w.l(noretval__2printf.o)
    0x080048c4   0x00000028   Code   RO          741    .text               c_w.l(noretval__2sprintf.o)
    0x080048ec   0x0000004e   Code   RO          745    .text               c_w.l(_printf_pad.o)
    0x0800493a   0x00000052   Code   RO          747    .text               c_w.l(_printf_str.o)
    0x0800498c   0x00000078   Code   RO          749    .text               c_w.l(_printf_dec.o)
    0x08004a04   0x00000058   Code   RO          754    .text               c_w.l(_printf_hex_int.o)
    0x08004a5c   0x00000188   Code   RO          789    .text               c_w.l(__printf_flags_ss_wp.o)
    0x08004be4   0x00000006   Code   RO          798    .text               c_w.l(heapauxi.o)
    0x08004bea   0x00000002   Code   RO          802    .text               c_w.l(use_no_semi.o)
    0x08004bec   0x000000b2   Code   RO          805    .text               c_w.l(_printf_intcommon.o)
    0x08004c9e   0x00000002   PAD
    0x08004ca0   0x00000030   Code   RO          807    .text               c_w.l(_printf_char_common.o)
    0x08004cd0   0x0000000a   Code   RO          809    .text               c_w.l(_sputc.o)
    0x08004cda   0x0000002c   Code   RO          811    .text               c_w.l(_printf_char.o)
    0x08004d06   0x00000002   PAD
    0x08004d08   0x00000024   Code   RO          813    .text               c_w.l(_printf_char_file.o)
    0x08004d2c   0x00000008   Code   RO          833    .text               c_w.l(ferror.o)
    0x08004d34   0x0000004a   Code   RO          837    .text               c_w.l(sys_stackheap_outer.o)
    0x08004d7e   0x0000000c   Code   RO          839    .text               c_w.l(exit.o)
    0x08004d8a   0x00000002   PAD
    0x08004d8c   0x00000008   Code   RO          847    .text               c_w.l(libspace.o)
    0x08004d94   0x0000000e   Code   RO          782    i._is_digit         c_w.l(__printf_wp.o)
    0x08004da2   0x0000000a   Code   RO          906    x$fpl$fpinit        fz_wm.l(fpinit.o)
    0x08004dac   0x00000024   Data   RO            5    .constdata          main.o
    0x08004dd0   0x00000328   Data   RO          319    .constdata          ov2640.o
    0x080050f8   0x00000028   Data   RO          755    .constdata          c_w.l(_printf_hex_int.o)
    0x08005120   0x00000011   Data   RO          790    .constdata          c_w.l(__printf_flags_ss_wp.o)
    0x08005131   0x00000003   PAD
    0x08005134   0x000000bb   Data   RO            6    .conststring        main.o
    0x080051ef   0x00000001   PAD
    0x080051f0   0x00000028   Data   RO          669    .conststring        usmart.o
    0x08005218   0x00000311   Data   RO          692    .conststring        usmart_config.o
    0x08005529   0x00000003   PAD
    0x0800552c   0x00000020   Data   RO          969    Region$$Table       anon$$obj.o


    Execution Region RW_IRAM1 (Base: 0x20000000, Size: 0x0000a970, Max: 0x00020000, ABSOLUTE, COMPRESSED[0x000000fc])

    Base Addr    Size         Type   Attr      Idx    E Section Name        Object

    0x20000000   0x0000004c   Data   RW            7    .data               main.o
    0x2000004c   0x00000014   Data   RW          228    .data               system_stm32f4xx.o
    0x20000060   0x00000001   Data   RW          274    .data               key.o
    0x20000061   0x00000001   Data   RW          296    .data               dcmi.o
    0x20000062   0x00000004   Data   RW          406    .data               delay.o
    0x20000066   0x00000002   PAD
    0x20000068   0x00000006   Data   RW          447    .data               usart.o
    0x2000006e   0x00000010   Data   RW          587    .data               stm32f4xx_rcc.o
    0x2000007e   0x00000002   PAD
    0x20000080   0x0000001c   Data   RW          670    .data               usmart.o
    0x2000009c   0x0000019c   Data   RW          693    .data               usmart_config.o
    0x20000238   0x0000a000   Zero   RW            4    .bss                main.o
    0x2000a238   0x0000000e   Zero   RW          295    .bss                dcmi.o
    0x2000a246   0x000000c8   Zero   RW          446    .bss                usart.o
    0x2000a30e   0x00000002   PAD
    0x2000a310   0x00000060   Zero   RW          848    .bss                c_w.l(libspace.o)
    0x2000a370   0x00000200   Zero   RW          475    HEAP                startup_stm32f40_41xxx.o
    0x2000a570   0x00000400   Zero   RW          474    STACK               startup_stm32f40_41xxx.o


==============================================================================

Image component sizes


      Code (inc. data)   RO Data    RW Data    ZI Data      Debug   Object Name

       600         32          0          1         14       2352   dcmi.o
       260          8          0          4          0       1457   delay.o
       132          8          0          1          0        788   key.o
       116          8          0          0          0        563   led.o
       536        124        223         76      40960     300381   main.o
       224         20          0          0          0       1841   misc.o
      1504         64        808          0          0       5953   ov2640.o
       628         12          0          0          0       2039   sccb.o
        64         26        392          0       1536        840   startup_stm32f40_41xxx.o
       396          4          0          0          0       3482   stm32f4xx_dcmi.o
       936         32          0          0          0       6313   stm32f4xx_dma.o
       660         44          0          0          0       4117   stm32f4xx_gpio.o
        26          0          0          0          0       1234   stm32f4xx_it.o
      1628         52          0         16          0      12916   stm32f4xx_rcc.o
      3234         60          0          0          0      22320   stm32f4xx_tim.o
      1108         34          0          0          0       7816   stm32f4xx_usart.o
       528         46          0         20          0       1811   system_stm32f4xx.o
       184         46          0          0          0        820   timer.o
       332         18          0          6        200       3362   usart.o
       408         22          0          0          0       1429   usart2.o
      3124       1286         40         28          0       4402   usmart.o
         0          0        785        412          0       1580   usmart_config.o
      1320         12          0          0          0       5185   usmart_str.o

    ----------------------------------------------------------------------
     17952       1958       2284        568      42712     393001   Object Totals
         0          0         32          0          0          0   (incl. Generated)
         4          0          4          4          2          0   (incl. Padding)

    ----------------------------------------------------------------------

      Code (inc. data)   RO Data    RW Data    ZI Data      Debug   Library Member Name

        90          0          0          0          0          0   __dczerorl2.o
         8          0          0          0          0         68   __main.o
       392          4         17          0          0         92   __printf_flags_ss_wp.o
        14          0          0          0          0         68   __printf_wp.o
         0          0          0          0          0          0   __rtentry.o
        12          0          0          0          0          0   __rtentry2.o
         6          0          0          0          0          0   __rtentry4.o
        52          8          0          0          0          0   __scatter.o
        28          0          0          0          0          0   __scatter_zi.o
         6          0          0          0          0          0   _printf_c.o
        44          0          0          0          0        108   _printf_char.o
        48          6          0          0          0         96   _printf_char_common.o
        36          4          0          0          0         80   _printf_char_file.o
         6          0          0          0          0          0   _printf_d.o
       120         16          0          0          0         92   _printf_dec.o
        88          4         40          0          0         88   _printf_hex_int.o
       178          0          0          0          0         88   _printf_intcommon.o
        78          0          0          0          0        108   _printf_pad.o
         0          0          0          0          0          0   _printf_percent.o
         4          0          0          0          0          0   _printf_percent_end.o
         6          0          0          0          0          0   _printf_s.o
        82          0          0          0          0         80   _printf_str.o
         6          0          0          0          0          0   _printf_u.o
         6          0          0          0          0          0   _printf_x.o
        10          0          0          0          0         68   _sputc.o
        12          0          0          0          0         72   exit.o
         8          0          0          0          0         68   ferror.o
         6          0          0          0          0        152   heapauxi.o
         2          0          0          0          0          0   libinit.o
         6          0          0          0          0          0   libinit2.o
         2          0          0          0          0          0   libshutdown.o
         2          0          0          0          0          0   libshutdown2.o
         8          4          0          0         96         68   libspace.o
        24          4          0          0          0         84   noretval__2printf.o
        40          6          0          0          0         84   noretval__2sprintf.o
         2          0          0          0          0          0   rtexit.o
        10          0          0          0          0          0   rtexit2.o
        74          0          0          0          0         80   sys_stackheap_outer.o
         2          0          0          0          0         68   use_no_semi.o
         2          0          0          0          0         68   use_no_semi_2.o
        10          0          0          0          0        116   fpinit.o

    ----------------------------------------------------------------------
      1540         56         60          0         96       1896   Library Totals
        10          0          3          0          0          0   (incl. Padding)

    ----------------------------------------------------------------------

      Code (inc. data)   RO Data    RW Data    ZI Data      Debug   Library Name

      1520         56         57          0         96       1780   c_w.l
        10          0          0          0          0        116   fz_wm.l

    ----------------------------------------------------------------------
      1540         56         60          0         96       1896   Library Totals

    ----------------------------------------------------------------------

==============================================================================


      Code (inc. data)   RO Data    RW Data    ZI Data      Debug   

     19492       2014       2344        568      42808     390013   Grand Totals
     19492       2014       2344        252      42808     390013   ELF Image Totals (compressed)
     19492       2014       2344        252          0          0   ROM Totals

==============================================================================

    Total RO  Size (Code + RO Data)                21836 (  21.32kB)
    Total RW  Size (RW Data + ZI Data)             43376 (  42.36kB)
    Total ROM Size (Code + RO Data + RW Data)      22088 (  21.57kB)

==============================================================================

