*****************************************************************
      SolidWorks 公司 - IGES 处理器状态报告
*****************************************************************
=================================================================
总信息
=================================================================
发送系统产品 I.D.  : rov.SLDASM
接收系统产品 I.D.  : rov.SLDASM
文件名称                    : C:\Users\asus\Desktop\rov.IGS
发送系统              : SolidWorks 2018
预处理器版本         : SolidWorks 2018
文件生成日期          : 190519.223502
模型生成日期         : 190519.223502
单位                        : MM
模型空间比例            : 1
作者                       : asus
组织                 : 


=================================================================
实体处理信息
=================================================================


=================================================================
IGES 文件的精度分析：
=================================================================
  有效位数的最普遍的数:              12
  有效位数的最大数:                     13
  有效位数的平均数:                10.1329
  与原点的最大距离:                          1817.21
  与原点的最小距离:                          147.864
  有效位数的有效数:              12.9292


=================================================================
实体概要
=================================================================
-----------------------------------------------------------------
类型名称                                         记数转换
---- ----                                         ----- ---------
100  Arc                                           4322      4322
102  Composite curve                               4676      4676
110  Line                                          6646      6646
120  Surface of revolution                         1087      1087
124  Transformation matrix                         4103      4103
126  Rational B-spline curve                       9641      9641
128  Rational B-spline surface                      634       634
142  Curve on a parametric surface                 2338      2338
144  Trimmed parametric surface                    1721      1721
308  Subfigure definition                            14        14
314  Color definition                                 3         3
408  Singular subfigure instance                     44        44
_________________________________________________________________


=================================================================
结果概要
=================================================================
SolidWorks 特征类型                记数
-----------------------                -----
实体特征                       36
曲面特征                     0
曲线/草图特征                0
--------------------------------------------
开始时间: 星期一, 五月 27, 2019 13:42:21
结束时间: 星期一, 五月 27, 2019 13:42:55
处理时间: 0 days, 00 hours, 00 mins, 34 secs
