###############################################################################
#
# IAR ELF Linker V7.80.3.12102/W32 for ARM                01/Oct/2018  12:11:04
# Copyright 2007-2016 IAR Systems AB.
#
#    Output file  =  
#        D:\My\K60\集力车\18.8.21最终)\Prj\IAR\DZ10_Debug\Exe\vcan_Kinetis.out
#    Map file     =  
#        D:\My\K60\集力车\18.8.21最终)\Prj\IAR\DZ10_Debug\List\vcan_Kinetis.map
#    Command line =  
#        "D:\My\K60\集力车\18.8.21最终)\Prj\IAR\DZ10_Debug\Obj\camera.o"
#        "D:\My\K60\集力车\18.8.21最终)\Prj\IAR\DZ10_Debug\Obj\control.o"
#        "D:\My\K60\集力车\18.8.21最终)\Prj\IAR\DZ10_Debug\Obj\debug.o"
#        "D:\My\K60\集力车\18.8.21最终)\Prj\IAR\DZ10_Debug\Obj\fuzzy.o"
#        "D:\My\K60\集力车\18.8.21最终)\Prj\IAR\DZ10_Debug\Obj\general.o"
#        "D:\My\K60\集力车\18.8.21最终)\Prj\IAR\DZ10_Debug\Obj\init.o"
#        "D:\My\K60\集力车\18.8.21最终)\Prj\IAR\DZ10_Debug\Obj\isr.o"
#        "D:\My\K60\集力车\18.8.21最终)\Prj\IAR\DZ10_Debug\Obj\key.o"
#        "D:\My\K60\集力车\18.8.21最终)\Prj\IAR\DZ10_Debug\Obj\LQ_OLED.o"
#        "D:\My\K60\集力车\18.8.21最终)\Prj\IAR\DZ10_Debug\Obj\magnetic.o"
#        "D:\My\K60\集力车\18.8.21最终)\Prj\IAR\DZ10_Debug\Obj\main.o"
#        "D:\My\K60\集力车\18.8.21最终)\Prj\IAR\DZ10_Debug\Obj\meetcar.o"
#        "D:\My\K60\集力车\18.8.21最终)\Prj\IAR\DZ10_Debug\Obj\message.o"
#        "D:\My\K60\集力车\18.8.21最终)\Prj\IAR\DZ10_Debug\Obj\misc.o"
#        "D:\My\K60\集力车\18.8.21最终)\Prj\IAR\DZ10_Debug\Obj\MK60_adc.o"
#        "D:\My\K60\集力车\18.8.21最终)\Prj\IAR\DZ10_Debug\Obj\MK60_conf.o"
#        "D:\My\K60\集力车\18.8.21最终)\Prj\IAR\DZ10_Debug\Obj\MK60_dac.o"
#        "D:\My\K60\集力车\18.8.21最终)\Prj\IAR\DZ10_Debug\Obj\MK60_dma.o"
#        "D:\My\K60\集力车\18.8.21最终)\Prj\IAR\DZ10_Debug\Obj\MK60_DWT.o"
#        "D:\My\K60\集力车\18.8.21最终)\Prj\IAR\DZ10_Debug\Obj\MK60_flash.o"
#        "D:\My\K60\集力车\18.8.21最终)\Prj\IAR\DZ10_Debug\Obj\MK60_flexbus.o"
#        "D:\My\K60\集力车\18.8.21最终)\Prj\IAR\DZ10_Debug\Obj\MK60_ftm.o"
#        "D:\My\K60\集力车\18.8.21最终)\Prj\IAR\DZ10_Debug\Obj\MK60_gpio.o"
#        "D:\My\K60\集力车\18.8.21最终)\Prj\IAR\DZ10_Debug\Obj\MK60_i2c.o"
#        "D:\My\K60\集力车\18.8.21最终)\Prj\IAR\DZ10_Debug\Obj\MK60_it.o"
#        "D:\My\K60\集力车\18.8.21最终)\Prj\IAR\DZ10_Debug\Obj\MK60_lptmr.o"
#        "D:\My\K60\集力车\18.8.21最终)\Prj\IAR\DZ10_Debug\Obj\MK60_mcg.o"
#        "D:\My\K60\集力车\18.8.21最终)\Prj\IAR\DZ10_Debug\Obj\MK60_PIT.o"
#        "D:\My\K60\集力车\18.8.21最终)\Prj\IAR\DZ10_Debug\Obj\MK60_port.o"
#        "D:\My\K60\集力车\18.8.21最终)\Prj\IAR\DZ10_Debug\Obj\MK60_SysTick.o"
#        "D:\My\K60\集力车\18.8.21最终)\Prj\IAR\DZ10_Debug\Obj\MK60_uart.o"
#        "D:\My\K60\集力车\18.8.21最终)\Prj\IAR\DZ10_Debug\Obj\MK60_wdog.o"
#        "D:\My\K60\集力车\18.8.21最终)\Prj\IAR\DZ10_Debug\Obj\startup_MK60DZ10.o"
#        "D:\My\K60\集力车\18.8.21最终)\Prj\IAR\DZ10_Debug\Obj\system_MK60DZ10.o"
#        "D:\My\K60\集力车\18.8.21最终)\Prj\IAR\DZ10_Debug\Obj\VCAN_ASCII.o"
#        "D:\My\K60\集力车\18.8.21最终)\Prj\IAR\DZ10_Debug\Obj\VCAN_camera.o"
#        "D:\My\K60\集力车\18.8.21最终)\Prj\IAR\DZ10_Debug\Obj\VCAN_computer.o"
#        "D:\My\K60\集力车\18.8.21最终)\Prj\IAR\DZ10_Debug\Obj\VCAN_OV7725_Eagle.o"
#        "D:\My\K60\集力车\18.8.21最终)\Prj\IAR\DZ10_Debug\Obj\VCAN_SCCB.o"
#        "D:\My\K60\集力车\18.8.21最终)\Prj\IAR\DZ10_Debug\Obj\vectors.o"
#        --redirect _Printf=_PrintfLargeNoMb --redirect _Scanf=_ScanfLargeNoMb
#        -o
#        "D:\My\K60\集力车\18.8.21最终)\Prj\IAR\DZ10_Debug\Exe\vcan_Kinetis.out"
#        --map
#        "D:\My\K60\集力车\18.8.21最终)\Prj\IAR\DZ10_Debug\List\vcan_Kinetis.map"
#        --config "D:\My\K60\集力车\18.8.21最终)\Prj\IAR\config
#        files\vcan_ROM_K60N512.icf"
#        "D:\My\K60\集力车\18.8.21最终)\Prj\IAR\..\..\Lib\CMSIS\iar_cortexM4l_math.a"
#        --entry __iar_program_start --vfe
#
###############################################################################

*******************************************************************************
*** RUNTIME MODEL ATTRIBUTES
***

CppFlavor       = *
__SystemLibrary = DLib


*******************************************************************************
*** PLACEMENT SUMMARY
***

"A0":  place at 0x00000000 { ro section .intvec };
"A1":  place at 0x00000410 { ro section .noinit };
"P1":  place in [from 0x00000000 to 0x00080000] { ro, block CodeRelocate };
"P2":  place in [from 0x1fff0410 to 0x20010000] {
          rw, block CodeRelocateRam, block CSTACK, block HEAP };
initialize manually with packing = copy, complex ranges { rw };
initialize manually with packing = copy, complex ranges { section .data };
initialize manually with packing = copy, complex ranges { section .textrw };

  Section              Kind        Address    Size  Object
  -------              ----        -------    ----  ------
"A0":                                        0x410
  .intvec              const    0x00000000   0x410  vectors.o [1]
                              - 0x00000410   0x410

"A1":                                          0x8
  .noinit              ro code  0x00000410     0x8  startup_MK60DZ10.o [1]
                              - 0x00000418     0x8

"P1":                                       0xcf34
  Veneer               ro code  0x00000418     0x8  - Linker created -
  Veneer               ro code  0x00000420     0x8  - Linker created -
  .text                ro code  0x00000428  0x1168  key.o [1]
  .text                ro code  0x00001590   0x19c  MK60_gpio.o [1]
  .text                ro code  0x0000172c   0x12c  MK60_PIT.o [1]
  .text                ro code  0x00001858   0xab2  LQ_OLED.o [1]
  .rodata              const    0x0000230a     0x2  camera.o [1]
  .text                ro code  0x0000230c   0xa78  debug.o [1]
  .text                ro code  0x00002d84    0x84  FltAdd.o [4]
  .text                ro code  0x00002e08    0x4e  FltToDbl.o [4]
  .text                ro code  0x00002e58    0xe8  DblAdd.o [4]
  .text                ro code  0x00002f40    0x90  DblToFlt.o [4]
  .text                ro code  0x00002fd0    0x24  FltCmpLe.o [4]
  .text                ro code  0x00002ff4    0x24  FltCmpGe.o [4]
  .text                ro code  0x00003018    0xd8  FltMul.o [4]
  .text                ro code  0x000030f0    0x44  FltToS32.o [4]
  .text                ro code  0x00003134    0xb8  MK60_port.o [1]
  .text                ro code  0x000031ec    0x80  MK60_conf.o [1]
  .text                ro code  0x0000326c    0x58  DblToI32.o [4]
  .text                ro code  0x000032c4    0x30  I32ToDbl.o [4]
  .text                ro code  0x000032f4   0x180  DblSub.o [4]
  .text                ro code  0x00003474   0x1a2  DblMul.o [4]
  .text                ro code  0x00003616     0x8  abs.o [3]
  .text                ro code  0x00003620    0xe6  FltSub.o [4]
  .text                ro code  0x00003708    0x24  printf.o [3]
  .text                ro code  0x0000372c   0x2cc  MK60_uart.o [1]
  .text                ro code  0x000039f8   0xc1a  xprintflarge_nomb.o [3]
  .text                ro code  0x00004614    0x16  strchr.o [5]
  .text                ro code  0x0000462c    0x36  strlen.o [5]
  .text                ro code  0x00004664    0x58  memchr.o [5]
  .text                ro code  0x000046bc    0xee  I64DivMod.o [5]
  .text                ro code  0x000047ac    0x76  ABImemcpy_unaligned.o [5]
  .text                ro code  0x00004822    0x44  xdnorm.o [4]
  .text                ro code  0x00004868    0x2e  DblCmpLe.o [4]
  .text                ro code  0x00004898   0x256  DblDiv.o [4]
  .text                ro code  0x00004af0    0x6c  localeconv.o [3]
  .text                ro code  0x00004b5c     0xe  div.o [3]
  .text                ro code  0x00004b6c     0x2  I64DivZer.o [5]
  .text                ro code  0x00004b6e     0x2  xtls.o [3]
  .text                ro code  0x00004b70   0xf7e  camera.o [1]
  .text                ro code  0x00005af0    0x32  I32ToFlt.o [4]
  .text                ro code  0x00005b24    0xfc  FltDiv.o [4]
  .text                ro code  0x00005c20   0x150  general.o [1]
  .text                ro code  0x00005d70     0x6  ABImemclr4.o [5]
  .text                ro code  0x00005d78    0x32  ABImemset48.o [5]
  .text                ro code  0x00005dac   0xe14  control.o [1]
  .text                ro code  0x00006bc0   0x4f4  MK60_ftm.o [1]
  .text                ro code  0x000070b4   0x63c  fuzzy.o [1]
  .text                ro code  0x000076f0    0xcc  MK60_lptmr.o [1]
  .text                ro code  0x000077bc   0xd90  meetcar.o [1]
  .text                ro code  0x0000854c   0xb6c  magnetic.o [1]
  .text                ro code  0x000090b8   0x2b8  MK60_adc.o [1]
  .text                ro code  0x00009370   0x2ba  powf.o [4]
  .text                ro code  0x0000962a    0x28  xfdnorm.o [4]
  .text                ro code  0x00009652    0x50  xfdint.o [4]
  .text                ro code  0x000096a4    0x1c  FltCmpEq.o [4]
  .text                ro code  0x000096c0     0xc  errno.o [3]
  .text                ro code  0x000096cc    0x30  xflog.o [4]
  .text                ro code  0x000096fc   0x218  xfexp.o [4]
  .text                ro code  0x00009914    0xbc  xfdscale.o [4]
  .data_init                    0x000099d0   0x86c  <Block>
    Initializer bytes  const    0x000099d0   0x86c  <for .data-1>
  .rodata              const    0x0000a23c   0x5f0  LQ_OLED.o [1]
  .text                ro code  0x0000a82c   0x58c  message.o [1]
  .text                ro code  0x0000adb8   0x564  init.o [1]
  .text                ro code  0x0000b31c    0x50  misc.o [1]
  .text                ro code  0x0000b36c   0x198  VCAN_OV7725_Eagle.o [1]
  .text                ro code  0x0000b504   0x244  MK60_dma.o [1]
  .text                ro code  0x0000b748   0x362  VCAN_SCCB.o [1]
  .rodata              const    0x0000baac   0x460  LQ_OLED.o [1]
  Veneer               ro code  0x0000bf0c     0x8  - Linker created -
  .text                ro code  0x0000bf14   0x3c8  MK60_mcg.o [1]
  .text                ro code  0x0000c2dc   0x2cc  isr.o [1]
  .rodata              const    0x0000c5a8   0x228  LQ_OLED.o [1]
  CodeRelocate                  0x0000c7d0   0x188  <Block>
    Initializer bytes  const    0x0000c7d0   0x188  <for CodeRelocateRam-1>
  .text                ro code  0x0000c958   0x120  system_MK60DZ10.o [1]
  .text                ro code  0x0000ca78    0x40  MK60_wdog.o [1]
  .text                ro code  0x0000cab8   0x11c  main.o [1]
  .rodata              const    0x0000cbd4    0xc4  fuzzy.o [1]
  .rodata              const    0x0000cc98    0x54  LQ_OLED.o [1]
  .text                ro code  0x0000ccec    0x40  zero_init3.o [5]
  .rodata              const    0x0000cd2c    0x3c  MK60_conf.o [1]
  .rodata              const    0x0000cd68    0x3c  MK60_flash.o [1]
  .rodata              const    0x0000cda4    0x3c  MK60_gpio.o [1]
  .rodata              const    0x0000cde0    0x3c  MK60_lptmr.o [1]
  .rodata              const    0x0000ce1c    0x3c  MK60_uart.o [1]
  .rodata              const    0x0000ce58    0x38  MK60_adc.o [1]
  .rodata              const    0x0000ce90    0x38  MK60_dma.o [1]
  .rodata              const    0x0000cec8    0x38  MK60_ftm.o [1]
  .rodata              const    0x0000cf00    0x38  MK60_PIT.o [1]
  .rodata              const    0x0000cf38    0x34  misc.o [1]
  .text                ro code  0x0000cf6c    0x28  data_init.o [5]
  .rodata              const    0x0000cf94    0x24  MK60_conf.o [1]
  .rodata              const    0x0000cfb8    0x24  VCAN_OV7725_Eagle.o [1]
  .rodata              const    0x0000cfdc    0x24  VCAN_OV7725_Eagle.o [1]
  .iar.init_table      const    0x0000d000    0x10  - Linker created -
  .rodata              const    0x0000d010    0x20  VCAN_OV7725_Eagle.o [1]
  .text                ro code  0x0000d030    0x1a  cmain.o [5]
  .text                ro code  0x0000d04a     0x4  low_level_init.o [3]
  .text                ro code  0x0000d04e     0x4  exit.o [3]
  .text                ro code  0x0000d054     0xa  cexit.o [5]
  .text                ro code  0x0000d060     0xc  XXexit.o [5]
  .rodata              const    0x0000d06c    0x18  VCAN_OV7725_Eagle.o [1]
  .rodata              const    0x0000d084    0x18  VCAN_OV7725_Eagle.o [1]
  .text                ro code  0x0000d09c    0x16  xprout.o [3]
  .text                ro code  0x0000d0b4     0xc  putchar.o [3]
  .rodata              const    0x0000d0c0    0x14  VCAN_OV7725_Eagle.o [1]
  .rodata              const    0x0000d0d4    0x10  debug.o [1]
  .rodata              const    0x0000d0e4    0x10  debug.o [1]
  .rodata              const    0x0000d0f4    0x10  fuzzy.o [1]
  .rodata              const    0x0000d104    0x10  fuzzy.o [1]
  .rodata              const    0x0000d114     0xc  debug.o [1]
  .rodata              const    0x0000d120     0xc  debug.o [1]
  .rodata              const    0x0000d12c     0xc  debug.o [1]
  .rodata              const    0x0000d138     0xc  debug.o [1]
  .rodata              const    0x0000d144     0xc  debug.o [1]
  .rodata              const    0x0000d150     0xc  debug.o [1]
  .rodata              const    0x0000d15c     0xc  debug.o [1]
  .rodata              const    0x0000d168     0xc  debug.o [1]
  .rodata              const    0x0000d174     0xc  debug.o [1]
  .rodata              const    0x0000d180     0xc  debug.o [1]
  .rodata              const    0x0000d18c     0xc  debug.o [1]
  .rodata              const    0x0000d198     0xc  debug.o [1]
  .rodata              const    0x0000d1a4     0xc  debug.o [1]
  .rodata              const    0x0000d1b0     0xc  debug.o [1]
  .rodata              const    0x0000d1bc     0xc  debug.o [1]
  .rodata              const    0x0000d1c8     0xc  debug.o [1]
  .rodata              const    0x0000d1d4     0xc  debug.o [1]
  .rodata              const    0x0000d1e0     0xc  debug.o [1]
  .rodata              const    0x0000d1ec     0xc  debug.o [1]
  .rodata              const    0x0000d1f8     0xc  isr.o [1]
  .text                ro code  0x0000d204     0xc  cstartup_M.o [5]
  .rodata              const    0x0000d210     0x8  debug.o [1]
  .rodata              const    0x0000d218     0x8  debug.o [1]
  .rodata              const    0x0000d220     0x8  debug.o [1]
  .rodata              const    0x0000d228     0x8  debug.o [1]
  .rodata              const    0x0000d230     0x8  debug.o [1]
  .rodata              const    0x0000d238     0x8  debug.o [1]
  .rodata              const    0x0000d240     0x8  debug.o [1]
  .rodata              const    0x0000d248     0x8  debug.o [1]
  .rodata              const    0x0000d250     0x8  debug.o [1]
  .rodata              const    0x0000d258     0x8  debug.o [1]
  .rodata              const    0x0000d260     0x8  debug.o [1]
  .rodata              const    0x0000d268     0x8  debug.o [1]
  .rodata              const    0x0000d270     0x8  debug.o [1]
  .rodata              const    0x0000d278     0x8  debug.o [1]
  .rodata              const    0x0000d280     0x8  debug.o [1]
  .rodata              const    0x0000d288     0x8  debug.o [1]
  .rodata              const    0x0000d290     0x8  debug.o [1]
  .rodata              const    0x0000d298     0x8  debug.o [1]
  .rodata              const    0x0000d2a0     0x8  debug.o [1]
  .rodata              const    0x0000d2a8     0x8  debug.o [1]
  .rodata              const    0x0000d2b0     0x8  debug.o [1]
  .rodata              const    0x0000d2b8     0x8  init.o [1]
  .rodata              const    0x0000d2c0     0x0  zero_init3.o [5]
  Initializer bytes    const    0x0000d2c0    0x8c  <for P2 s0>
                              - 0x0000d34c  0xcf34

"P2", part 1 of 3:                           0x9f4
  .data                         0x1fff0410   0x86c  <Block>
    .data-1                     0x1fff0410   0x86a  <Init block>
      .data            inited   0x1fff0410     0x4  general.o [1]
      .data            inited   0x1fff0414     0x4  general.o [1]
      .data            inited   0x1fff0418     0x4  general.o [1]
      .data            inited   0x1fff041c     0x4  general.o [1]
      .data            inited   0x1fff0420     0x8  MK60_adc.o [1]
      .data            inited   0x1fff0428   0x708  MK60_conf.o [1]
      .data            inited   0x1fff0b30     0xc  MK60_ftm.o [1]
      .data            inited   0x1fff0b3c    0x14  MK60_gpio.o [1]
      .data            inited   0x1fff0b50    0x44  MK60_mcg.o [1]
      .data            inited   0x1fff0b94     0x4  MK60_mcg.o [1]
      .data            inited   0x1fff0b98    0x14  MK60_port.o [1]
      .data            inited   0x1fff0bac    0x18  MK60_uart.o [1]
      .data            inited   0x1fff0bc4    0x64  VCAN_OV7725_Eagle.o [1]
      .data            inited   0x1fff0c28    0x40  xfiles.o [3]
      .data            inited   0x1fff0c68     0x2  general.o [1]
      .data            inited   0x1fff0c6a     0x2  general.o [1]
      .data            inited   0x1fff0c6c     0x2  general.o [1]
      .data            inited   0x1fff0c6e     0x1  general.o [1]
      .data            inited   0x1fff0c6f     0x1  general.o [1]
      .data            inited   0x1fff0c70     0x1  general.o [1]
      .data            inited   0x1fff0c71     0x1  general.o [1]
      .data            inited   0x1fff0c72     0x1  general.o [1]
      .data            inited   0x1fff0c73     0x1  general.o [1]
      .data            inited   0x1fff0c74     0x1  general.o [1]
      .data            inited   0x1fff0c75     0x1  general.o [1]
      .data            inited   0x1fff0c76     0x1  general.o [1]
      .data            inited   0x1fff0c77     0x1  general.o [1]
      .data            inited   0x1fff0c78     0x1  key.o [1]
      .data            inited   0x1fff0c79     0x1  VCAN_OV7725_Eagle.o [1]
  CodeRelocateRam               0x1fff0c7c   0x188  <Block>
    CodeRelocateRam-1           0x1fff0c7c   0x188  <Init block>
      Veneer           inited   0x1fff0c7c     0x8  - Linker created -
      .textrw          inited   0x1fff0c84   0x130  MK60_flash.o [1]
      .textrw          inited   0x1fff0db4    0x50  MK60_mcg.o [1]
                              - 0x1fff0e04   0x9f4

"P2", part 2 of 3:                          0x3288
  .bss                          0x1fff0e04  0x3288  <Block>
    .bss               zero     0x1fff0e04     0x4  camera.o [1]
    .bss               zero     0x1fff0e08     0xc  camera.o [1]
    .bss               zero     0x1fff0e14  0x2580  general.o [1]
    .bss               zero     0x1fff3394   0x4b0  general.o [1]
    .bss               zero     0x1fff3844   0x4b0  general.o [1]
    .bss               zero     0x1fff3cf4     0x4  general.o [1]
    .bss               zero     0x1fff3cf8     0x4  general.o [1]
    .bss               zero     0x1fff3cfc     0x4  general.o [1]
    .bss               zero     0x1fff3d00     0x4  general.o [1]
    .bss               zero     0x1fff3d04     0x4  general.o [1]
    .bss               zero     0x1fff3d08     0x4  general.o [1]
    .bss               zero     0x1fff3d0c     0x4  general.o [1]
    .bss               zero     0x1fff3d10     0x4  general.o [1]
    .bss               zero     0x1fff3d14     0x4  general.o [1]
    .bss               zero     0x1fff3d18     0x4  general.o [1]
    .bss               zero     0x1fff3d1c    0x78  general.o [1]
    .bss               zero     0x1fff3d94    0x3c  general.o [1]
    .bss               zero     0x1fff3dd0    0xa0  general.o [1]
    .bss               zero     0x1fff3e70     0x4  general.o [1]
    .bss               zero     0x1fff3e74     0x4  general.o [1]
    .bss               zero     0x1fff3e78    0x28  general.o [1]
    .bss               zero     0x1fff3ea0     0x4  general.o [1]
    .bss               zero     0x1fff3ea4    0x28  general.o [1]
    .bss               zero     0x1fff3ecc     0x4  general.o [1]
    .bss               zero     0x1fff3ed0     0x4  general.o [1]
    .bss               zero     0x1fff3ed4     0x4  general.o [1]
    .bss               zero     0x1fff3ed8    0xa0  general.o [1]
    .bss               zero     0x1fff3f78     0x4  system_MK60DZ10.o [1]
    .bss               zero     0x1fff3f7c     0x4  system_MK60DZ10.o [1]
    .bss               zero     0x1fff3f80     0x4  system_MK60DZ10.o [1]
    .bss               zero     0x1fff3f84     0x4  VCAN_OV7725_Eagle.o [1]
    .bss               zero     0x1fff3f88    0x50  xfiles.o [3]
    .bss               zero     0x1fff3fd8     0x2  control.o [1]
    .bss               zero     0x1fff3fda     0x2  control.o [1]
    .bss               zero     0x1fff3fdc     0x2  control.o [1]
    .bss               zero     0x1fff3fde     0x2  general.o [1]
    .bss               zero     0x1fff3fe0     0x2  general.o [1]
    .bss               zero     0x1fff3fe2     0x2  general.o [1]
    .bss               zero     0x1fff3fe4     0x2  general.o [1]
    .bss               zero     0x1fff3fe6     0x2  general.o [1]
    .bss               zero     0x1fff3fe8     0x2  general.o [1]
    .bss               zero     0x1fff3fea     0x2  general.o [1]
    .bss               zero     0x1fff3fec     0x2  general.o [1]
    .bss               zero     0x1fff3fee     0x2  general.o [1]
    .bss               zero     0x1fff3ff0     0x2  general.o [1]
    .bss               zero     0x1fff3ff2     0x2  general.o [1]
    .bss               zero     0x1fff3ff4     0x2  general.o [1]
    .bss               zero     0x1fff3ff6     0x2  general.o [1]
    .bss               zero     0x1fff3ff8     0x2  general.o [1]
    .bss               zero     0x1fff3ffa     0x2  general.o [1]
    .bss               zero     0x1fff3ffc     0x2  general.o [1]
    .bss               zero     0x1fff3ffe     0x2  general.o [1]
    .bss               zero     0x1fff4000     0x2  general.o [1]
    .bss               zero     0x1fff4002     0x2  general.o [1]
    .bss               zero     0x1fff4004     0x2  general.o [1]
    .bss               zero     0x1fff4006     0x2  general.o [1]
    .bss               zero     0x1fff4008     0x2  general.o [1]
    .bss               zero     0x1fff400a     0x2  general.o [1]
    .bss               zero     0x1fff400c     0x2  general.o [1]
    .bss               zero     0x1fff400e     0x2  general.o [1]
    .bss               zero     0x1fff4010     0x2  general.o [1]
    .bss               zero     0x1fff4012     0x2  general.o [1]
    .bss               zero     0x1fff4014     0x2  general.o [1]
    .bss               zero     0x1fff4016     0x2  general.o [1]
    .bss               zero     0x1fff4018     0x2  general.o [1]
    .bss               zero     0x1fff401a     0x2  general.o [1]
    .bss               zero     0x1fff401c     0x2  general.o [1]
    .bss               zero     0x1fff401e     0x2  general.o [1]
    .bss               zero     0x1fff4020     0x2  general.o [1]
    .bss               zero     0x1fff4022     0x2  general.o [1]
    .bss               zero     0x1fff4024     0x2  general.o [1]
    .bss               zero     0x1fff4026     0x2  general.o [1]
    .bss               zero     0x1fff4028     0x2  general.o [1]
    .bss               zero     0x1fff402a     0x2  general.o [1]
    .bss               zero     0x1fff402c     0x2  general.o [1]
    .bss               zero     0x1fff402e     0x2  general.o [1]
    .bss               zero     0x1fff4030     0x2  general.o [1]
    .bss               zero     0x1fff4032     0x2  general.o [1]
    .bss               zero     0x1fff4034     0x2  general.o [1]
    .bss               zero     0x1fff4036     0x2  general.o [1]
    .bss               zero     0x1fff4038     0x2  general.o [1]
    .bss               zero     0x1fff403a     0x2  general.o [1]
    .bss               zero     0x1fff403c     0x2  magnetic.o [1]
    .bss               zero     0x1fff403e     0x2  magnetic.o [1]
    .bss               zero     0x1fff4040     0x2  magnetic.o [1]
    .bss               zero     0x1fff4042     0x2  magnetic.o [1]
    .bss               zero     0x1fff4044     0x2  magnetic.o [1]
    .bss               zero     0x1fff4046     0x2  meetcar.o [1]
    .bss               zero     0x1fff4048     0x1  camera.o [1]
    .bss               zero     0x1fff4049     0x1  camera.o [1]
    .bss               zero     0x1fff404a     0x1  camera.o [1]
    .bss               zero     0x1fff404b     0x1  camera.o [1]
    .bss               zero     0x1fff404c     0x1  control.o [1]
    .bss               zero     0x1fff404d     0x1  general.o [1]
    .bss               zero     0x1fff404e     0x1  general.o [1]
    .bss               zero     0x1fff404f     0x1  general.o [1]
    .bss               zero     0x1fff4050     0x1  general.o [1]
    .bss               zero     0x1fff4051     0x1  general.o [1]
    .bss               zero     0x1fff4052     0x1  general.o [1]
    .bss               zero     0x1fff4053     0x1  general.o [1]
    .bss               zero     0x1fff4054     0x1  general.o [1]
    .bss               zero     0x1fff4055     0x1  general.o [1]
    .bss               zero     0x1fff4056     0x1  general.o [1]
    .bss               zero     0x1fff4057     0x1  general.o [1]
    .bss               zero     0x1fff4058     0x1  general.o [1]
    .bss               zero     0x1fff4059     0x1  general.o [1]
    .bss               zero     0x1fff405a     0x1  general.o [1]
    .bss               zero     0x1fff405b     0x1  general.o [1]
    .bss               zero     0x1fff405c     0x1  general.o [1]
    .bss               zero     0x1fff405d     0x1  general.o [1]
    .bss               zero     0x1fff405e     0x1  general.o [1]
    .bss               zero     0x1fff405f     0x1  general.o [1]
    .bss               zero     0x1fff4060     0x1  general.o [1]
    .bss               zero     0x1fff4061     0x1  general.o [1]
    .bss               zero     0x1fff4062     0x1  general.o [1]
    .bss               zero     0x1fff4063     0x1  general.o [1]
    .bss               zero     0x1fff4064     0x1  general.o [1]
    .bss               zero     0x1fff4065     0x1  general.o [1]
    .bss               zero     0x1fff4066     0x1  general.o [1]
    .bss               zero     0x1fff4067     0x1  general.o [1]
    .bss               zero     0x1fff4068     0x1  general.o [1]
    .bss               zero     0x1fff4069     0x1  general.o [1]
    .bss               zero     0x1fff406a     0x1  general.o [1]
    .bss               zero     0x1fff406b     0x1  general.o [1]
    .bss               zero     0x1fff406c     0x1  general.o [1]
    .bss               zero     0x1fff406d     0x1  general.o [1]
    .bss               zero     0x1fff406e     0x1  general.o [1]
    .bss               zero     0x1fff406f     0x1  general.o [1]
    .bss               zero     0x1fff4070     0x1  general.o [1]
    .bss               zero     0x1fff4071     0x1  general.o [1]
    .bss               zero     0x1fff4072     0x1  general.o [1]
    .bss               zero     0x1fff4073     0x1  general.o [1]
    .bss               zero     0x1fff4074     0x1  general.o [1]
    .bss               zero     0x1fff4075     0x1  general.o [1]
    .bss               zero     0x1fff4076     0x1  general.o [1]
    .bss               zero     0x1fff4077     0x1  general.o [1]
    .bss               zero     0x1fff4078     0x1  general.o [1]
    .bss               zero     0x1fff4079     0x1  general.o [1]
    .bss               zero     0x1fff407a     0x1  general.o [1]
    .bss               zero     0x1fff407b     0x1  general.o [1]
    .bss               zero     0x1fff407c     0x1  general.o [1]
    .bss               zero     0x1fff407d     0x1  general.o [1]
    .bss               zero     0x1fff407e     0x1  general.o [1]
    .bss               zero     0x1fff407f     0x1  general.o [1]
    .bss               zero     0x1fff4080     0x1  general.o [1]
    .bss               zero     0x1fff4081     0x1  general.o [1]
    .bss               zero     0x1fff4082     0x1  magnetic.o [1]
    .bss               zero     0x1fff4083     0x1  magnetic.o [1]
    .bss               zero     0x1fff4084     0x1  magnetic.o [1]
    .bss               zero     0x1fff4085     0x1  magnetic.o [1]
    .bss               zero     0x1fff4086     0x1  meetcar.o [1]
    .bss               zero     0x1fff4087     0x1  meetcar.o [1]
    .bss               zero     0x1fff4088     0x1  meetcar.o [1]
    .bss               zero     0x1fff4089     0x1  meetcar.o [1]
    .bss               zero     0x1fff408a     0x1  meetcar.o [1]
    .bss               zero     0x1fff408b     0x1  message.o [1]
                              - 0x1fff408c  0x3288

"P2", part 3 of 3:                            0x8c
  P2 s0                         0x1fff408c    0x8c  <Init block>
    __DLIB_PERTHREAD   inited   0x1fff408c    0x88  localeconv.o [3]
    __DLIB_PERTHREAD   inited   0x1fff4114     0x4  errno.o [3]
                              - 0x1fff4118    0x8c


*******************************************************************************
*** INIT TABLE
***

          Address     Size
          -------     ----
Zero (__iar_zero_init3)
    1 destination range, total size 0x3288:
          0x1fff0e04  0x3288



*******************************************************************************
*** MODULE SUMMARY
***

    Module                 ro code  rw code  ro data  rw data
    ------                 -------  -------  -------  -------
D:\My\K60\集力车\18.8.21最终)\Prj\IAR\DZ10_Debug\Obj: [1]
    LQ_OLED.o                2 738             3 276
    MK60_PIT.o                 300                56
    MK60_adc.o                 696                64        8
    MK60_conf.o                128             1 896    1 800
    MK60_dma.o                 580                56
    MK60_flash.o                        304      364
    MK60_ftm.o               1 268                68       12
    MK60_gpio.o                412                80       20
    MK60_lptmr.o               204                60
    MK60_mcg.o                 968       80      152       72
    MK60_port.o                184                20       20
    MK60_uart.o                716                84       24
    MK60_wdog.o                 64
    VCAN_OV7725_Eagle.o        408               273      105
    VCAN_SCCB.o                866
    camera.o                 3 966                 2       20
    control.o                3 604                          7
    debug.o                  2 680               428
    fuzzy.o                  1 596               228
    general.o                  336                32   12 823
    init.o                   1 380                 8
    isr.o                      716                12
    key.o                    4 456                 1        1
    magnetic.o               2 924                         14
    main.o                     284
    meetcar.o                3 472                          7
    message.o                1 420                          1
    misc.o                      80                52
    startup_MK60DZ10.o           8
    system_MK60DZ10.o          288                         12
    vectors.o                                  1 040
    ---------------------------------------------------------
    Total:                  36 742      384    8 252   14 946

command line: [2]
    ---------------------------------------------------------
    Total:

dl7M_tlf.a: [3]
    abs.o                        8
    div.o                       14
    errno.o                     12                 4        4
    exit.o                       4
    localeconv.o               108               136      136
    low_level_init.o             4
    printf.o                    36
    putchar.o                   12
    xfiles.o                                      64      144
    xprintflarge_nomb.o      3 098
    xprout.o                    22
    xtls.o                       2
    ---------------------------------------------------------
    Total:                   3 320               204      284

m7M_tl.a: [4]
    DblAdd.o                   232
    DblCmpLe.o                  46
    DblDiv.o                   598
    DblMul.o                   418
    DblSub.o                   384
    DblToFlt.o                 144
    DblToI32.o                  88
    FltAdd.o                   132
    FltCmpEq.o                  28
    FltCmpGe.o                  36
    FltCmpLe.o                  36
    FltDiv.o                   252
    FltMul.o                   216
    FltSub.o                   230
    FltToDbl.o                  78
    FltToS32.o                  68
    I32ToDbl.o                  48
    I32ToFlt.o                  50
    powf.o                     698
    xdnorm.o                    68
    xfdint.o                    80
    xfdnorm.o                   40
    xfdscale.o                 188
    xfexp.o                    536
    xflog.o                     48
    ---------------------------------------------------------
    Total:                   4 742

rt7M_tl.a: [5]
    ABImemclr4.o                 6
    ABImemcpy_unaligned.o      118
    ABImemset48.o               50
    I64DivMod.o                238
    I64DivZer.o                  2
    XXexit.o                    12
    cexit.o                     10
    cmain.o                     26
    cstartup_M.o                12
    data_init.o                 40
    memchr.o                    88
    strchr.o                    22
    strlen.o                    54
    zero_init3.o                64
    ---------------------------------------------------------
    Total:                     742

    Gaps                        38                 2
    Linker created              24        8       26
-------------------------------------------------------------
    Grand Total:            45 608      392    8 484   15 230


*******************************************************************************
*** ENTRY LIST
***

Entry                      Address    Size  Type      Object
-----                      -------    ----  ----      ------
.bss$$Base              0x1fff0e04           --   Gb  - Linker created -
.bss$$Limit             0x1fff408c           --   Gb  - Linker created -
.data$$Base             0x1fff0410           --   Gb  - Linker created -
.data$$Limit            0x1fff0c7c           --   Gb  - Linker created -
.data_init$$Base        0x000099d0           --   Gb  - Linker created -
.data_init$$Limit       0x0000a23c           --   Gb  - Linker created -
.iar.init_table$$Base   0x0000d000           --   Gb  - Linker created -
.iar.init_table$$Limit  0x0000d010           --   Gb  - Linker created -
?main                   0x0000d031          Code  Gb  cmain.o [5]
ADCN                    0x1fff0420     0x8  Data  Gb  MK60_adc.o [1]
ASSERT_FAILED_STR       0x0000cf94    0x24  Data  Gb  MK60_conf.o [1]
Ackerman                0x000067d5   0x166  Code  Gb  control.o [1]
BM_L                    0x1fff4054     0x1  Data  Gb  general.o [1]
BM_R                    0x1fff4055     0x1  Data  Gb  general.o [1]
Boma_OLED               0x000005f1    0x66  Code  Gb  key.o [1]
Bubble                  0x00008641    0x68  Code  Gb  magnetic.o [1]
C_D                     0x1fff3d00     0x4  Data  Gb  general.o [1]
C_P                     0x1fff3cfc     0x4  Data  Gb  general.o [1]
Cam2Mag_Weight          0x1fff3d04     0x4  Data  Gb  general.o [1]
Cam_duty                0x1fff3fee     0x2  Data  Gb  general.o [1]
Camera_center           0x00004b71   0x13a  Code  Gb  camera.o [1]
Camera_center::camera_line_w
                        0x1fff0e04     0x4  Data  Lc  camera.o [1]
Camera_center::var_camera
                        0x1fff0e08     0xc  Data  Lc  camera.o [1]
Car_Run_Key             0x00000ddd   0x182  Code  Gb  key.o [1]
Check_Communication     0x0000a82d    0x3a  Code  Gb  message.o [1]
Circle_ON_OFF           0x1fff4060     0x1  Data  Gb  general.o [1]
Circle_deal_last        0x00004d67   0x3ec  Code  Gb  camera.o [1]
Circle_deal_last::count
                        0x1fff4049     0x1  Data  Lc  camera.o [1]
Circle_deal_last::n     0x1fff404a     0x1  Data  Lc  camera.o [1]
Circle_deal_last::p     0x1fff404b     0x1  Data  Lc  camera.o [1]
Circle_fill_line_flag   0x1fff4057     0x1  Data  Gb  general.o [1]
Circle_go_flag          0x1fff4063     0x1  Data  Gb  general.o [1]
Circle_size             0x1fff4077     0x1  Data  Gb  general.o [1]
Clear_screen            0x00000533    0x44  Code  Gb  key.o [1]
Clear_screen::LAST_MANU
                        0x1fff0c78     0x1  Data  Lc  key.o [1]
CodeRelocate$$Base      0x0000c7d0           --   Gb  - Linker created -
CodeRelocate$$Limit     0x0000c958           --   Gb  - Linker created -
CodeRelocateRam$$Base   0x1fff0c7c           --   Gb  - Linker created -
CodeRelocateRam$$Limit  0x1fff0e04           --   Gb  - Linker created -
Communication_In        0x0000a867   0x4ba  Code  Gb  message.o [1]
Communication_Out       0x0000ad21    0x46  Code  Gb  message.o [1]
Communication_Out::send_count
                        0x1fff408b     0x1  Data  Lc  message.o [1]
Counter_collect         0x000065a3   0x11c  Code  Gb  control.o [1]
DMA4_IRQHandler         0x0000c35f   0x100  Code  Gb  isr.o [1]
Dis_Float               0x00001ed9   0x1a4  Code  Gb  LQ_OLED.o [1]
Dis_Num                 0x00001e17    0xc2  Code  Gb  LQ_OLED.o [1]
Dis_SNum                0x00001d55    0xc2  Code  Gb  LQ_OLED.o [1]
Edge_sum                0x0000515d   0x166  Code  Gb  camera.o [1]
F14x16                  0x0000baac   0x460  Data  Gb  LQ_OLED.o [1]
F14x16_Idx              0x0000cc98    0x54  Data  Gb  LQ_OLED.o [1]
F6x8                    0x0000c5a8   0x228  Data  Gb  LQ_OLED.o [1]
F8X16                   0x0000a23c   0x5f0  Data  Gb  LQ_OLED.o [1]
FTMN                    0x1fff0b30     0xc  Data  Gb  MK60_ftm.o [1]
FTM_PWM_Duty            0x00006e57    0xf0  Code  Gb  MK60_ftm.o [1]
FTM_PWM_init            0x00006cd9   0x17e  Code  Gb  MK60_ftm.o [1]
FTM_QUAD_Init           0x00006f47   0x106  Code  Gb  MK60_ftm.o [1]
FTM_QUAD_clean          0x00007079    0x28  Code  Gb  MK60_ftm.o [1]
FTM_QUAD_get            0x0000704d    0x2c  Code  Gb  MK60_ftm.o [1]
FTM_port_mux            0x00006bc1   0x118  Code  Lc  MK60_ftm.o [1]
FTM_updata              0x00006339   0x26a  Code  Gb  control.o [1]
First_Meet              0x000077bd   0x1d0  Code  Gb  meetcar.o [1]
First_Meet::MEET_STATUS
                        0x1fff4088     0x1  Data  Lc  meetcar.o [1]
First_Meet::delay_count
                        0x1fff4046     0x2  Data  Lc  meetcar.o [1]
First_Meet::first_meet_count
                        0x1fff4086     0x1  Data  Lc  meetcar.o [1]
First_Meet::first_run_flag
                        0x1fff4087     0x1  Data  Lc  meetcar.o [1]
Flash_Key               0x00000657   0x786  Code  Gb  key.o [1]
FootWalk_Flag           0x1fff4068     0x1  Data  Gb  general.o [1]
FootWalk_ON_OFF         0x1fff4069     0x1  Data  Gb  general.o [1]
FootWalk_scanning       0x0000816d   0x226  Code  Gb  meetcar.o [1]
Fuzzy                   0x000070b5   0x63c  Code  Gb  fuzzy.o [1]
GPIOX                   0x1fff0b3c    0x14  Data  Gb  MK60_gpio.o [1]
Get_SpeedL              0x1fff3ff8     0x2  Data  Gb  general.o [1]
Get_SpeedR              0x1fff3ffa     0x2  Data  Gb  general.o [1]
Go_back                 0x00006a5d    0x76  Code  Gb  control.o [1]
Go_back::counter        0x1fff3fdc     0x2  Data  Lc  control.o [1]
Go_back_flag            0x1fff4078     0x1  Data  Gb  general.o [1]
HardFault               0x0000c531    0x10  Code  Gb  isr.o [1]
Insurance_dir           0x1fff0c77     0x1  Data  Gb  general.o [1]
Insurance_flag          0x1fff407e     0x1  Data  Gb  general.o [1]
LCD_DLY_ms              0x00001965    0x1c  Code  Gb  LQ_OLED.o [1]
LCD_Fill                0x00001925    0x40  Code  Gb  LQ_OLED.o [1]
LCD_Init                0x00001981   0x100  Code  Gb  LQ_OLED.o [1]
LCD_P14x16Str           0x00001ba9   0x140  Code  Gb  LQ_OLED.o [1]
LCD_P6x8Str             0x00001a81    0x7e  Code  Gb  LQ_OLED.o [1]
LCD_P8x16Str            0x00001aff    0xaa  Code  Gb  LQ_OLED.o [1]
LCD_Print               0x00001ce9    0x6c  Code  Gb  LQ_OLED.o [1]
LCD_Set_Pos             0x000018fb    0x2a  Code  Gb  LQ_OLED.o [1]
LCD_WrCmd               0x000018ad    0x4e  Code  Gb  LQ_OLED.o [1]
LCD_WrDat               0x00001859    0x52  Code  Gb  LQ_OLED.o [1]
LED_ALL_OFF             0x00005d4d    0x24  Code  Gb  general.o [1]
LED_ALL_ON              0x00005d29    0x24  Code  Gb  general.o [1]
L_bubble                0x1fff4051     0x1  Data  Gb  general.o [1]
Length_L                0x1fff4028     0x2  Data  Gb  general.o [1]
Length_R                0x1fff402a     0x2  Data  Gb  general.o [1]
Line_sum                0x1fff4004     0x2  Data  Gb  general.o [1]
LoadInt                 0x00003f93    0x6e  Code  Lc  xprintflarge_nomb.o [3]
MENU                    0x1fff0c6e     0x1  Data  Gb  general.o [1]
MSG_in                  0x1fff3ed0     0x4  Data  Gb  general.o [1]
MSG_out                 0x1fff3ed4     0x4  Data  Gb  general.o [1]
MY_OLED_IMAGE           0x00002091   0x27a  Code  Gb  LQ_OLED.o [1]
M_L_I                   0x1fff0414     0x4  Data  Gb  general.o [1]
M_L_P                   0x1fff0410     0x4  Data  Gb  general.o [1]
M_R_I                   0x1fff041c     0x4  Data  Gb  general.o [1]
M_R_P                   0x1fff0418     0x4  Data  Gb  general.o [1]
M_bubble                0x1fff4053     0x1  Data  Gb  general.o [1]
Mag_duty                0x1fff3ff0     0x2  Data  Gb  general.o [1]
Mag_insurance           0x1fff4076     0x1  Data  Gb  general.o [1]
Meet_Action             0x00007a7b    0xca  Code  Gb  meetcar.o [1]
Meet_Action_flag        0x1fff4067     0x1  Data  Gb  general.o [1]
Meet_ON_OFF             0x1fff4066     0x1  Data  Gb  general.o [1]
Mode_Screen_Key         0x00000f79   0x362  Code  Gb  key.o [1]
NVIC_DisableIRQ         0x0000c2f1    0x14  Code  Lc  isr.o [1]
NVIC_DisableIRQ         0x0000b381    0x14  Code  Lc  VCAN_OV7725_Eagle.o [1]
NVIC_EnableIRQ          0x0000adb9    0x16  Code  Lc  init.o [1]
NVIC_EnableIRQ          0x0000c2dd    0x14  Code  Lc  isr.o [1]
NVIC_EnableIRQ          0x0000cab9    0x14  Code  Lc  main.o [1]
NVIC_EnableIRQ          0x0000372d    0x16  Code  Lc  MK60_uart.o [1]
NVIC_EnableIRQ          0x0000b36d    0x14  Code  Lc  VCAN_OV7725_Eagle.o [1]
NVIC_SetPriority        0x0000adcf    0x2a  Code  Lc  init.o [1]
OK_send_flag            0x1fff4075     0x1  Data  Gb  general.o [1]
OUT_STOP                0x000062a5    0x94  Code  Gb  control.o [1]
OUT_STOP::good_game_count
                        0x1fff404c     0x1  Data  Lc  control.o [1]
Om_turn_flag            0x1fff405c     0x1  Data  Gb  general.o [1]
Out_Straight_Meet       0x00007b45   0x26e  Code  Gb  meetcar.o [1]
Out_Straight_Meet::clear_zero_flag
                        0x1fff408a     0x1  Data  Lc  meetcar.o [1]
PIT0_IRQHandler         0x0000c45f    0x3a  Code  Gb  isr.o [1]
PIT1_IRQHandler         0x0000c499    0x2c  Code  Gb  isr.o [1]
PIT2_IRQHandler         0x0000c4c5    0x64  Code  Gb  isr.o [1]
PI_control              0x00006959    0xf8  Code  Gb  control.o [1]
PI_control::Speed_errL_Last
                        0x1fff3fd8     0x2  Data  Lc  control.o [1]
PI_control::Speed_errR_Last
                        0x1fff3fda     0x2  Data  Lc  control.o [1]
PORTA_IRQHandler        0x0000c305    0x5a  Code  Gb  isr.o [1]
PORTX                   0x1fff0b98    0x14  Data  Gb  MK60_port.o [1]
Pulse_Counter_L         0x1fff4026     0x2  Data  Gb  general.o [1]
Pulse_Counter_R         0x1fff4024     0x2  Data  Gb  general.o [1]
R_bubble                0x1fff4052     0x1  Data  Gb  general.o [1]
Region$$Table$$Base     0x0000d000           --   Gb  - Linker created -
Region$$Table$$Limit    0x0000d010           --   Gb  - Linker created -
Reset_Handler           0x00000411          Code  Gb  startup_MK60DZ10.o [1]
SCCB_Ack                0x0000b81d    0x3c  Code  Lc  VCAN_SCCB.o [1]
SCCB_GPIO_init          0x0000b763    0x28  Code  Gb  VCAN_SCCB.o [1]
SCCB_NoAck              0x0000b859    0x3c  Code  Lc  VCAN_SCCB.o [1]
SCCB_ReadByte           0x0000b9f9    0x2c  Code  Gb  VCAN_SCCB.o [1]
SCCB_ReadByte_one       0x0000ba25    0x86  Code  Lc  VCAN_SCCB.o [1]
SCCB_ReceiveByte        0x0000b925    0x54  Code  Lc  VCAN_SCCB.o [1]
SCCB_SendByte           0x0000b8e1    0x44  Code  Lc  VCAN_SCCB.o [1]
SCCB_Start              0x0000b78b    0x5e  Code  Lc  VCAN_SCCB.o [1]
SCCB_Stop               0x0000b7e9    0x34  Code  Lc  VCAN_SCCB.o [1]
SCCB_WaitAck            0x0000b895    0x4c  Code  Lc  VCAN_SCCB.o [1]
SCCB_WriteByte          0x0000b989    0x28  Code  Gb  VCAN_SCCB.o [1]
SCCB_WriteByte_one      0x0000b9b1    0x48  Code  Lc  VCAN_SCCB.o [1]
SCCB_delay              0x0000b749    0x1a  Code  Lc  VCAN_SCCB.o [1]
S_D                     0x1fff3cf8     0x4  Data  Gb  general.o [1]
S_P                     0x1fff3cf4     0x4  Data  Gb  general.o [1]
Servo_Duty              0x1fff0c6c     0x2  Data  Gb  general.o [1]
Servo_Duty_Last         0x1fff0c6a     0x2  Data  Gb  general.o [1]
Servo_Offset            0x1fff3ff2     0x2  Data  Gb  general.o [1]
Servo_Turn              0x1fff402c     0x2  Data  Gb  general.o [1]
Smoothness_Judge        0x00007eef    0xba  Code  Gb  meetcar.o [1]
Straight_Meet_Judge     0x0000798d    0xee  Code  Gb  meetcar.o [1]
Straight_Meet_Judge::Meet_Action_flag_count
                        0x1fff4089     0x1  Data  Lc  meetcar.o [1]
Three_line_mode         0x0000561f    0xa2  Code  Gb  camera.o [1]
UART3_IRQHandler        0x0000c529     0x8  Code  Gb  isr.o [1]
UARTN                   0x1fff0bac    0x18  Data  Gb  MK60_uart.o [1]
WhiteDot_Count          0x1fff406a     0x1  Data  Gb  general.o [1]
WhiteDot_CountLn        0x1fff406b     0x1  Data  Gb  general.o [1]
_GenldLargeNoMb         0x0000438b   0x23e  Code  Lc  xprintflarge_nomb.o [3]
_LdtobLargeNoMb         0x0000410d   0x278  Code  Lc  xprintflarge_nomb.o [3]
_LitobLargeNoMb         0x00004001   0x10a  Code  Lc  xprintflarge_nomb.o [3]
_Locale_aeabi_lconv     0x1fff40dc    0x38  Data  Gb  localeconv.o [3]
_Locale_lconv           0x1fff408c    0x50  Data  Gb  localeconv.o [3]
_PrintfLargeNoMb        0x000039f9   0x594  Code  Gb  xprintflarge_nomb.o [3]
_Prout                  0x0000d09d    0x16  Code  Gb  xprout.o [3]
_PutcharsLargeNoMb      0x000045c9    0x2e  Code  Lc  xprintflarge_nomb.o [3]
__BOOT_STACK_ADDRESS {Abs}
                        0x2000fff8          Data  Gb  command line/config [2]
__VECTOR_RAM {Abs}      0x1fff0000          Data  Gb  command line/config [2]
__VECTOR_TABLE {Abs}    0x00000000          Data  Gb  command line/config [2]
__aeabi_cdcmple         0x00004869          Code  Gb  DblCmpLe.o [4]
__aeabi_cfcmpeq         0x000096a5          Code  Gb  FltCmpEq.o [4]
__aeabi_cfcmple         0x00002fd1          Code  Gb  FltCmpLe.o [4]
__aeabi_cfrcmple        0x00002ff5          Code  Gb  FltCmpGe.o [4]
__aeabi_d2f             0x00002f41          Code  Gb  DblToFlt.o [4]
__aeabi_d2iz            0x0000326d          Code  Gb  DblToI32.o [4]
__aeabi_d2uiz           0x00003299          Code  Gb  DblToI32.o [4]
__aeabi_dadd            0x00002e59          Code  Gb  DblAdd.o [4]
__aeabi_ddiv            0x00004899          Code  Gb  DblDiv.o [4]
__aeabi_dmul            0x00003475          Code  Gb  DblMul.o [4]
__aeabi_dsub            0x000032f5          Code  Gb  DblSub.o [4]
__aeabi_errno_addr      0x000096c1     0x6  Code  Gb  errno.o [3]
__aeabi_f2d             0x00002e09          Code  Gb  FltToDbl.o [4]
__aeabi_f2iz            0x000030f1          Code  Gb  FltToS32.o [4]
__aeabi_fadd            0x00002d85          Code  Gb  FltAdd.o [4]
__aeabi_fdiv            0x00005b25          Code  Gb  FltDiv.o [4]
__aeabi_fmul            0x00003019          Code  Gb  FltMul.o [4]
__aeabi_fsub            0x00003621          Code  Gb  FltSub.o [4]
__aeabi_i2d             0x000032c5          Code  Gb  I32ToDbl.o [4]
__aeabi_i2f             0x00005af1          Code  Gb  I32ToFlt.o [4]
__aeabi_ldiv0           0x00004b6d          Code  Gb  I64DivZer.o [5]
__aeabi_memclr4         0x00005d71          Code  Gb  ABImemclr4.o [5]
__aeabi_ui2d            0x000032d9          Code  Gb  I32ToDbl.o [4]
__aeabi_ui2f            0x00005b05          Code  Gb  I32ToFlt.o [4]
__aeabi_uldivmod        0x000046bd          Code  Gb  I64DivMod.o [5]
__cmain                 0x0000d031          Code  Gb  cmain.o [5]
__code_start__ {Abs}    0x00000410          Data  Gb  command line/config [2]
__exit                  0x0000d061          Code  Gb  XXexit.o [5]
__iar_Dnorm             0x00004823    0x44  Code  Gb  xdnorm.o [4]
__iar_Errno             0x1fff4114     0x4  Data  Gb  errno.o [3]
__iar_FDint             0x00009653    0x50  Code  Gb  xfdint.o [4]
__iar_FDnorm            0x0000962b    0x28  Code  Gb  xfdnorm.o [4]
__iar_FDscale           0x00009915    0xbc  Code  Gb  xfdscale.o [4]
__iar_FExp              0x000096fd   0x218  Code  Gb  xfexp.o [4]
__iar_FLogpoly          0x000096cd    0x22  Code  Gb  xflog.o [4]
__iar_Locale_lconv_init
                        0x00004af1    0x3a  Code  Gb  localeconv.o [3]
__iar_Memchr            0x00004665          Code  Gb  memchr.o [5]
__iar_Memset4_word      0x00005d79          Code  Gb  ABImemset48.o [5]
__iar_Memset8_word      0x00005d79          Code  Gb  ABImemset48.o [5]
__iar_Stdout            0x1fff0c28    0x40  Data  Gb  xfiles.o [3]
__iar_Strchr            0x00004615          Code  Gb  strchr.o [5]
__iar_d2uiz             0x000032a5          Code  Gb  DblToI32.o [4]
__iar_dadd              0x00002e6d          Code  Gb  DblAdd.o [4]
__iar_data_init3        0x0000cf6d    0x28  Code  Gb  data_init.o [5]
__iar_dlib_perthread_access
                        0x00004b6f     0x2  Code  Gb  xtls.o [3]
__iar_dsub              0x00003309          Code  Gb  DblSub.o [4]
__iar_dsubStart         0x0000331b          Code  Gb  DblSub.o [4]
__iar_fadd              0x00002d95          Code  Gb  FltAdd.o [4]
__iar_fsub              0x00003631          Code  Gb  FltSub.o [4]
__iar_fsubStart         0x00003641          Code  Gb  FltSub.o [4]
__iar_program_start     0x0000d205          Code  Gb  cstartup_M.o [5]
__iar_ui2d              0x000032dd          Code  Gb  I32ToDbl.o [4]
__iar_ui2f              0x00005b09          Code  Gb  I32ToFlt.o [4]
__iar_unaligned___aeabi_memcpy
                        0x000047ad          Code  Gb  ABImemcpy_unaligned.o [5]
__iar_unaligned___aeabi_memcpy4
                        0x000047cd          Code  Gb  ABImemcpy_unaligned.o [5]
__iar_unaligned___aeabi_memcpy8
                        0x000047cd          Code  Gb  ABImemcpy_unaligned.o [5]
__iar_zero_init3        0x0000cced    0x40  Code  Gb  zero_init3.o [5]
__low_level_init        0x0000d04b     0x4  Code  Gb  low_level_init.o [3]
__vector_table          0x00000000   0x410  Data  Gb  vectors.o [1]
_call_main              0x0000d03d          Code  Gb  cmain.o [5]
_exit                   0x0000d055          Code  Gb  cexit.o [5]
_main                   0x0000d047          Code  Gb  cmain.o [5]
abs                     0x00003617     0x8  Code  Gb  abs.o [3]
ad_collect              0x000086a9   0x2b4  Code  Gb  magnetic.o [1]
ad_collect::C_var_flag  0x1fff4082     0x1  Data  Lc  magnetic.o [1]
adc_init                0x000090b9   0x20e  Code  Gb  MK60_adc.o [1]
adc_once                0x000092c7    0x50  Code  Gb  MK60_adc.o [1]
adc_start               0x00009317    0x44  Code  Lc  MK60_adc.o [1]
add_deviation_cjx       0x1fff403a     0x2  Data  Gb  general.o [1]
assert_failed           0x000031ed    0x24  Code  Gb  MK60_conf.o [1]
bus_clk_khz             0x1fff3f80     0x4  Data  Gb  system_MK60DZ10.o [1]
buzzer_bibi             0x00005c35    0x1e  Code  Gb  general.o [1]
buzzer_count            0x1fff404f     0x1  Data  Gb  general.o [1]
buzzer_number           0x1fff4050     0x1  Data  Gb  general.o [1]
buzzer_once             0x00005c21    0x14  Code  Gb  general.o [1]
buzzer_ring             0x00005c53    0x6c  Code  Gb  general.o [1]
buzzer_time             0x1fff404e     0x1  Data  Gb  general.o [1]
camera_center           0x1fff3ffe     0x2  Data  Gb  general.o [1]
camera_circle_clear     0x00005153     0xa  Code  Gb  camera.o [1]
camera_count            0x1fff405f     0x1  Data  Gb  general.o [1]
camera_frequency        0x1fff405e     0x1  Data  Gb  general.o [1]
camera_integral_center  0x1fff4002     0x2  Data  Gb  general.o [1]
camera_integral_flag    0x1fff405b     0x1  Data  Gb  general.o [1]
camera_last_center      0x1fff4000     0x2  Data  Gb  general.o [1]
car_mode                0x1fff0c6f     0x1  Data  Gb  general.o [1]
car_number              0x1fff4064     0x1  Data  Gb  general.o [1]
car_run_OLED            0x0000242f   0x3f6  Code  Gb  debug.o [1]
center_line             0x1fff3d94    0x3c  Data  Gb  general.o [1]
check_send_flag         0x1fff0c75     0x1  Data  Gb  general.o [1]
circle_edge_start       0x1fff3e70     0x4  Data  Gb  general.o [1]
circle_point            0x1fff4006     0x2  Data  Gb  general.o [1]
circle_reverse          0x000083b9    0xe4  Code  Gb  meetcar.o [1]
common_startup          0x0000c9a9    0x98  Code  Gb  system_MK60DZ10.o [1]
core_clk_khz            0x1fff3f78     0x4  Data  Gb  system_MK60DZ10.o [1]
core_clk_mhz            0x1fff3f7c     0x4  Data  Gb  system_MK60DZ10.o [1]
corner_dian_l           0x1fff401e     0x2  Data  Gb  general.o [1]
corner_dian_r           0x1fff401c     0x2  Data  Gb  general.o [1]
corner_meet_ln          0x1fff4022     0x2  Data  Gb  general.o [1]
corner_meet_rn          0x1fff4020     0x2  Data  Gb  general.o [1]
cover_image             0x00005835    0x30  Code  Gb  camera.o [1]
death_time_flag         0x1fff407f     0x1  Data  Gb  general.o [1]
decimal                 0x1fff3fe0     0x2  Data  Gb  general.o [1]
default_isr             0x00003225    0x32  Code  Gb  MK60_conf.o [1]
delay_run_flag          0x1fff4072     0x1  Data  Gb  general.o [1]
deviation               0x1fff3ff4     0x2  Data  Gb  general.o [1]
div                     0x00004b5d     0xe  Code  Gb  div.o [3]
dma_count               0x00005cff     0xc  Code  Gb  general.o [1]
dma_gpio_input_init     0x0000b505    0x60  Code  Lc  MK60_dma.o [1]
dma_portx2buff_init     0x0000b565   0x1b0  Code  Gb  MK60_dma.o [1]
draw_car_line           0x00005889   0x102  Code  Gb  camera.o [1]
draw_center_line        0x000056c1    0x2c  Code  Gb  camera.o [1]
edge                    0x1fff3d1c    0x78  Data  Gb  general.o [1]
edge_black              0x1fff3e74     0x4  Data  Gb  general.o [1]
edge_start              0x1fff3dd0    0xa0  Data  Gb  general.o [1]
edge_sum_left           0x1fff4059     0x1  Data  Gb  general.o [1]
edge_sum_right          0x1fff405a     0x1  Data  Gb  general.o [1]
exit                    0x0000d04f     0x4  Code  Gb  exit.o [3]
find_circle_point       0x00005519   0x106  Code  Gb  camera.o [1]
find_edge               0x000052c3   0x256  Code  Gb  camera.o [1]
find_edge_start         0x00005701   0x114  Code  Gb  camera.o [1]
first_meet_flag         0x1fff4074     0x1  Data  Gb  general.o [1]
flash_OLED              0x000028dd   0x190  Code  Gb  debug.o [1]
flash_cmd               0x1fff0c85    0x20  Code  Gb  MK60_flash.o [1]
flash_erase_sector      0x1fff0ca5    0x58  Code  Gb  MK60_flash.o [1]
flash_updata            0x0000132d   0x1fc  Code  Gb  key.o [1]
flash_write             0x1fff0cfd    0x8e  Code  Gb  MK60_flash.o [1]
fputc                   0x00003211    0x14  Code  Gb  MK60_conf.o [1]
get_white_proportion    0x00004cab    0xbc  Code  Gb  camera.o [1]
get_white_proportion::ramp_count
                        0x1fff4048     0x1  Data  Lc  camera.o [1]
gpio_get                0x000016e9    0x3a  Code  Gb  MK60_gpio.o [1]
gpio_init               0x00001591    0xae  Code  Gb  MK60_gpio.o [1]
gpio_set                0x0000163f    0x72  Code  Gb  MK60_gpio.o [1]
gpio_turn               0x000016b1    0x38  Code  Gb  MK60_gpio.o [1]
img                     0x1fff0e14  0x2580  Data  Gb  general.o [1]
img_compress            0x00005a59    0x96  Code  Gb  camera.o [1]
img_extract             0x000059a5    0x90  Code  Gb  camera.o [1]
imgbuff                 0x1fff3394   0x4b0  Data  Gb  general.o [1]
init                    0x0000adf9   0x46e  Code  Gb  init.o [1]
integer                 0x1fff3fde     0x2  Data  Gb  general.o [1]
internal_Pow            0x00009371   0x2b0  Code  Lc  powf.o [4]
key_control             0x000012db    0x2e  Code  Gb  key.o [1]
key_scan                0x00000429   0x10a  Code  Gb  key.o [1]
last_deviation          0x1fff3ff6     0x2  Data  Gb  general.o [1]
last_send_signal        0x1fff0c74     0x1  Data  Gb  general.o [1]
localeconv              0x00004b2b    0x16  Code  Gb  localeconv.o [3]
long_count_cjx          0x1fff4038     0x2  Data  Gb  general.o [1]
lptmr_pulse_clean       0x00007789    0x1a  Code  Gb  MK60_lptmr.o [1]
lptmr_pulse_get         0x0000776f    0x1a  Code  Gb  MK60_lptmr.o [1]
lptmr_pulse_init        0x000076f1    0x7e  Code  Gb  MK60_lptmr.o [1]
magnetic_circle         0x0000895d   0x67e  Code  Gb  magnetic.o [1]
magnetic_circle::at_ring_count
                        0x1fff4044     0x2  Data  Lc  magnetic.o [1]
magnetic_circle::circle_edge_flag
                        0x1fff4040     0x2  Data  Lc  magnetic.o [1]
magnetic_circle::death_time_count
                        0x1fff4085     0x1  Data  Lc  magnetic.o [1]
magnetic_circle::fake_in_circle
                        0x1fff4083     0x1  Data  Lc  magnetic.o [1]
magnetic_circle::reach_flag
                        0x1fff403e     0x2  Data  Lc  magnetic.o [1]
magnetic_circle::ring_count
                        0x1fff403c     0x2  Data  Lc  magnetic.o [1]
magnetic_circle::start_count
                        0x1fff4042     0x2  Data  Lc  magnetic.o [1]
magnetic_circle::y_flag
                        0x1fff4084     0x1  Data  Lc  magnetic.o [1]
magnetic_information    0x0000854d    0xf4  Code  Gb  magnetic.o [1]
main                    0x0000cacd    0xe2  Code  Gb  main.o [1]
mcg_cfg                 0x1fff0b50    0x44  Data  Gb  MK60_mcg.o [1]
mcg_div                 0x1fff0b94     0x4  Data  Gb  MK60_mcg.o [1]
mcg_div_count           0x0000bf15   0x2fa  Code  Gb  MK60_mcg.o [1]
meet_choose             0x1fff4061     0x1  Data  Gb  general.o [1]
meet_edge_left          0x1fff3e78    0x28  Data  Gb  general.o [1]
meet_edge_right         0x1fff3ea4    0x28  Data  Gb  general.o [1]
meet_flag               0x1fff4065     0x1  Data  Gb  general.o [1]
meet_ring_number        0x1fff4062     0x1  Data  Gb  general.o [1]
meet_ring_seq           0x1fff4079     0x1  Data  Gb  general.o [1]
meet_seq                0x1fff0c76     0x1  Data  Gb  general.o [1]
meet_zk_count           0x1fff407a     0x1  Data  Gb  general.o [1]
memchr                  0x00004665          Code  Gb  memchr.o [5]
menu_define             0x00000577    0x7a  Code  Gb  key.o [1]
min_speed               0x1fff0c68     0x2  Data  Gb  general.o [1]
mode_screen_OLED        0x00002a85   0x18c  Code  Gb  debug.o [1]
normal_speed            0x1fff3ffc     0x2  Data  Gb  general.o [1]
normaliz_OLED           0x00002835    0xa0  Code  Gb  debug.o [1]
obuf                    0x1fff3f88    0x50  Data  Lc  xfiles.o [3]
one_car_mode            0x1fff4073     0x1  Data  Gb  general.o [1]
ov7725_eagle_cfgnum     0x1fff0c79     0x1  Data  Gb  VCAN_OV7725_Eagle.o [1]
ov7725_eagle_img_buff   0x1fff3f84     0x4  Data  Gb  VCAN_OV7725_Eagle.o [1]
ov7725_eagle_init       0x0000b395    0x18  Code  Gb  VCAN_OV7725_Eagle.o [1]
ov7725_eagle_port_init  0x0000b3ad    0x54  Code  Lc  VCAN_OV7725_Eagle.o [1]
ov7725_eagle_reg        0x1fff0bc4    0x64  Data  Gb  VCAN_OV7725_Eagle.o [1]
ov7725_eagle_reg_init   0x0000b401    0xbc  Code  Lc  VCAN_OV7725_Eagle.o [1]
page                    0x1fff0c71     0x1  Data  Gb  general.o [1]
picture_show_OLED       0x0000230d   0x122  Code  Gb  debug.o [1]
pit_delay               0x00001799    0xb0  Code  Gb  MK60_PIT.o [1]
pit_init                0x0000172d    0x6c  Code  Gb  MK60_PIT.o [1]
pll_init                0x0000c20f    0xb2  Code  Gb  MK60_mcg.o [1]
polarization_ON_OFF     0x1fff4080     0x1  Data  Gb  general.o [1]
port_init               0x00003135    0x48  Code  Gb  MK60_port.o [1]
port_init_NoALT         0x0000317d    0x66  Code  Gb  MK60_port.o [1]
powf                    0x00009627     0x4  Code  Gb  powf.o [4]
printf                  0x00003709    0x24  Code  Gb  printf.o [3]
putchar                 0x0000d0b5     0xc  Code  Gb  putchar.o [3]
ramp_count              0x1fff4030     0x2  Data  Gb  general.o [1]
ramp_flag               0x1fff4070     0x1  Data  Gb  general.o [1]
real_stop_flag          0x1fff406c     0x1  Data  Gb  general.o [1]
recv_data_p             0x1fff406e     0x1  Data  Gb  general.o [1]
ring_info               0x1fff3d0c     0x4  Data  Gb  general.o [1]
ring_pass_number        0x1fff4058     0x1  Data  Gb  general.o [1]
ring_size               0x1fff4036     0x2  Data  Gb  general.o [1]
ring_size_plus          0x1fff407d     0x1  Data  Gb  general.o [1]
road_flag               0x1fff0c70     0x1  Data  Gb  general.o [1]
road_speed_control      0x000066bf   0x116  Code  Gb  control.o [1]
row                     0x1fff0c72     0x1  Data  Gb  general.o [1]
run_duty                0x1fff3d18     0x4  Data  Gb  general.o [1]
send_picture            0x1fff3844   0x4b0  Data  Gb  general.o [1]
send_to_other_car_flag  0x1fff406d     0x1  Data  Gb  general.o [1]
sending_flag            0x1fff404d     0x1  Data  Gb  general.o [1]
servo_control_AD        0x00005dad   0x4f8  Code  Gb  control.o [1]
set_sys_dividers        0x1fff0db5    0x50  Code  Gb  MK60_mcg.o [1]
set_vector_handler      0x0000b33f    0x22  Code  Gb  misc.o [1]
side_high               0x1fff3ed8    0xa0  Data  Gb  general.o [1]
smoothness_left         0x1fff4008     0x2  Data  Gb  general.o [1]
smoothness_right        0x1fff400a     0x2  Data  Gb  general.o [1]
smoothness_sum          0x1fff400c     0x2  Data  Gb  general.o [1]
speed_expect            0x1fff3d08     0x4  Data  Gb  general.o [1]
start                   0x0000c959    0x14  Code  Gb  system_MK60DZ10.o [1]
straight_go_flag        0x1fff4056     0x1  Data  Gb  general.o [1]
strchr                  0x00004615          Code  Gb  strchr.o [5]
strlen                  0x0000462d          Code  Gb  strlen.o [5]
sunken_edge             0x00007db3    0x9a  Code  Gb  meetcar.o [1]
sysinit                 0x0000c96d    0x3c  Code  Gb  system_MK60DZ10.o [1]
system_clock            0x1fff405d     0x1  Data  Gb  general.o [1]
time_count              0x00005cbf    0x40  Code  Gb  general.o [1]
time_count::system_count
                        0x1fff4081     0x1  Data  Lc  general.o [1]
to_the_side             0x1fff4071     0x1  Data  Gb  general.o [1]
uart_getchar            0x00003955    0x1e  Code  Gb  MK60_uart.o [1]
uart_init               0x00003743   0x212  Code  Gb  MK60_uart.o [1]
uart_putbuff            0x0000398d    0x26  Code  Gb  MK60_uart.o [1]
uart_putchar            0x00003973    0x1a  Code  Gb  MK60_uart.o [1]
uart_rx_irq_en          0x000039b3    0x2a  Code  Gb  MK60_uart.o [1]
unit                    0x1fff0c73     0x1  Data  Gb  general.o [1]
var_camera_center       0x1fff4032     0x2  Data  Gb  general.o [1]
var_last_camera_center  0x1fff4034     0x2  Data  Gb  general.o [1]
var_left                0x1fff3fe2     0x2  Data  Gb  general.o [1]
var_left_last           0x1fff3fe8     0x2  Data  Gb  general.o [1]
var_max                 0x1fff3d10     0x4  Data  Gb  general.o [1]
var_middle              0x1fff3fe6     0x2  Data  Gb  general.o [1]
var_middle_last         0x1fff3fec     0x2  Data  Gb  general.o [1]
var_min                 0x1fff3d14     0x4  Data  Gb  general.o [1]
var_right               0x1fff3fe4     0x2  Data  Gb  general.o [1]
var_right_last          0x1fff3fea     0x2  Data  Gb  general.o [1]
variance_aver_center    0x1fff4018     0x2  Data  Gb  general.o [1]
variance_aver_left      0x1fff400e     0x2  Data  Gb  general.o [1]
variance_aver_right     0x1fff4012     0x2  Data  Gb  general.o [1]
variance_center         0x1fff401a     0x2  Data  Gb  general.o [1]
variance_judge_center   0x00007e4d    0xa2  Code  Gb  meetcar.o [1]
variance_judge_left     0x00007fa9    0xc8  Code  Gb  meetcar.o [1]
variance_judge_right    0x00008071    0xc4  Code  Gb  meetcar.o [1]
variance_left           0x1fff4010     0x2  Data  Gb  general.o [1]
variance_right          0x1fff4014     0x2  Data  Gb  general.o [1]
variance_sum_center     0x1fff4016     0x2  Data  Gb  general.o [1]
variance_sum_left       0x1fff3ea0     0x4  Data  Gb  general.o [1]
variance_sum_right      0x1fff3ecc     0x4  Data  Gb  general.o [1]
vector_str              0x1fff0428   0x708  Data  Gb  MK60_conf.o [1]
wdog_disable            0x0000ca79    0x16  Code  Gb  MK60_wdog.o [1]
wdog_unlock             0x0000ca8f    0x20  Code  Lc  MK60_wdog.o [1]
white_num               0x1fff402e     0x2  Data  Gb  general.o [1]
white_proportion        0x1fff406f     0x1  Data  Gb  general.o [1]
write_vtor              0x0000b31d    0x22  Code  Gb  misc.o [1]
yy_flag                 0x1fff407b     0x1  Data  Gb  general.o [1]
zz_flag                 0x1fff407c     0x1  Data  Gb  general.o [1]


[1] = D:\My\K60\集力车\18.8.21最终)\Prj\IAR\DZ10_Debug\Obj
[2] = command line
[3] = dl7M_tlf.a
[4] = m7M_tl.a
[5] = rt7M_tl.a

  45 608 bytes of readonly  code memory
     392 bytes of readwrite code memory
   8 484 bytes of readonly  data memory
  15 230 bytes of readwrite data memory

Errors: none
Warnings: none
